17:22:35 **** Clean-only build of configuration Debug for project test ****
make clean 
rm -rf  ./src/helloworld.o ./src/interrupt.o ./src/mem_test.o ./src/platform.o ./src/pmbus_iic.o ./src/timer.o  ./src/helloworld.d ./src/interrupt.d ./src/mem_test.d ./src/platform.d ./src/pmbus_iic.d ./src/timer.d  test.elf.size  test.elf
 
17:22:35 **** Clean-only build of project f_PL_250_WIDTH_32_BURST_256_bsp ****
make -k clean 
make -C ps7_cortexa9_0/libsrc/qspips_v3_3/src -s clean 
make -C ps7_cortexa9_0/libsrc/dmaps_v2_3/src -s clean 
make -C ps7_cortexa9_0/libsrc/ddrps_v1_0/src -s clean 
make -C ps7_cortexa9_0/libsrc/gpiops_v3_2/src -s clean 
make -C ps7_cortexa9_0/libsrc/standalone_v6_2/src -s clean 
make -C ps7_cortexa9_0/libsrc/cpu_cortexa9_v2_4/src -s clean 
make -C ps7_cortexa9_0/libsrc/ttcps_v3_3/src -s clean 
make -C ps7_cortexa9_0/libsrc/mem_hw_v1_0/src -s clean 
make -C ps7_cortexa9_0/libsrc/emacps_v3_4/src -s clean 
make -C ps7_cortexa9_0/libsrc/axidma_v9_3/src -s clean 
make -C ps7_cortexa9_0/libsrc/canps_v3_2/src -s clean 
make -C ps7_cortexa9_0/libsrc/xadcps_v2_2/src -s clean 
make -C ps7_cortexa9_0/libsrc/devcfg_v3_4/src -s clean 
make -C ps7_cortexa9_0/libsrc/sdps_v3_2/src -s clean 
make -C ps7_cortexa9_0/libsrc/iicps_v3_5/src -s clean 
make -C ps7_cortexa9_0/libsrc/scuwdt_v2_1/src -s clean 
make -C ps7_cortexa9_0/libsrc/scugic_v3_6/src -s clean 
make -C ps7_cortexa9_0/libsrc/uartps_v3_4/src -s clean 
make -C ps7_cortexa9_0/libsrc/usbps_v2_4/src -s clean 
make -C ps7_cortexa9_0/libsrc/coresightps_dcc_v1_4/src -s clean 
make -C ps7_cortexa9_0/libsrc/tmrctr_v4_3/src -s clean 
make -C ps7_cortexa9_0/libsrc/scutimer_v2_1/src -s clean 
rm -f ps7_cortexa9_0/lib/libxil.a
17:22:36 **** Build of project f_PL_250_WIDTH_32_BURST_256_bsp ****
make -k all 
Running Make include in ps7_cortexa9_0/libsrc/qspips_v3_3/src
make -C ps7_cortexa9_0/libsrc/qspips_v3_3/src -s include  "SHELL=/bin/sh" "COMPILER=arm-none-eabi-gcc" "ARCHIVER=arm-none-eabi-ar" "COMPILER_FLAGS=  -O2 -c" "EXTRA_COMPILER_FLAGS=-mcpu=cortex-a9 -mfpu=vfpv3 -mfloat-abi=hard -nostartfiles -Wall -Wextra"
Running Make include in ps7_cortexa9_0/libsrc/dmaps_v2_3/src
make -C ps7_cortexa9_0/libsrc/dmaps_v2_3/src -s include  "SHELL=/bin/sh" "COMPILER=arm-none-eabi-gcc" "ARCHIVER=arm-none-eabi-ar" "COMPILER_FLAGS=  -O2 -c" "EXTRA_COMPILER_FLAGS=-mcpu=cortex-a9 -mfpu=vfpv3 -mfloat-abi=hard -nostartfiles -Wall -Wextra"
Running Make include in ps7_cortexa9_0/libsrc/ddrps_v1_0/src
make -C ps7_cortexa9_0/libsrc/ddrps_v1_0/src -s include  "SHELL=/bin/sh" "COMPILER=arm-none-eabi-gcc" "ARCHIVER=arm-none-eabi-ar" "COMPILER_FLAGS=  -O2 -c" "EXTRA_COMPILER_FLAGS=-mcpu=cortex-a9 -mfpu=vfpv3 -mfloat-abi=hard -nostartfiles -Wall -Wextra"
Running Make include in ps7_cortexa9_0/libsrc/gpiops_v3_2/src
make -C ps7_cortexa9_0/libsrc/gpiops_v3_2/src -s include  "SHELL=/bin/sh" "COMPILER=arm-none-eabi-gcc" "ARCHIVER=arm-none-eabi-ar" "COMPILER_FLAGS=  -O2 -c" "EXTRA_COMPILER_FLAGS=-mcpu=cortex-a9 -mfpu=vfpv3 -mfloat-abi=hard -nostartfiles -Wall -Wextra"
Running Make include in ps7_cortexa9_0/libsrc/standalone_v6_2/src
make -C ps7_cortexa9_0/libsrc/standalone_v6_2/src -s include  "SHELL=/bin/sh" "COMPILER=arm-none-eabi-gcc" "ARCHIVER=arm-none-eabi-ar" "COMPILER_FLAGS=  -O2 -c" "EXTRA_COMPILER_FLAGS=-mcpu=cortex-a9 -mfpu=vfpv3 -mfloat-abi=hard -nostartfiles -Wall -Wextra"
Running Make include in ps7_cortexa9_0/libsrc/cpu_cortexa9_v2_4/src
make -C ps7_cortexa9_0/libsrc/cpu_cortexa9_v2_4/src -s include  "SHELL=/bin/sh" "COMPILER=arm-none-eabi-gcc" "ARCHIVER=arm-none-eabi-ar" "COMPILER_FLAGS=  -O2 -c" "EXTRA_COMPILER_FLAGS=-mcpu=cortex-a9 -mfpu=vfpv3 -mfloat-abi=hard -nostartfiles -Wall -Wextra"
Running Make include in ps7_cortexa9_0/libsrc/ttcps_v3_3/src
make -C ps7_cortexa9_0/libsrc/ttcps_v3_3/src -s include  "SHELL=/bin/sh" "COMPILER=arm-none-eabi-gcc" "ARCHIVER=arm-none-eabi-ar" "COMPILER_FLAGS=  -O2 -c" "EXTRA_COMPILER_FLAGS=-mcpu=cortex-a9 -mfpu=vfpv3 -mfloat-abi=hard -nostartfiles -Wall -Wextra"
Running Make include in ps7_cortexa9_0/libsrc/mem_hw_v1_0/src
make -C ps7_cortexa9_0/libsrc/mem_hw_v1_0/src -s include  "SHELL=/bin/sh" "COMPILER=arm-none-eabi-gcc" "ARCHIVER=arm-none-eabi-ar" "COMPILER_FLAGS=  -O2 -c" "EXTRA_COMPILER_FLAGS=-mcpu=cortex-a9 -mfpu=vfpv3 -mfloat-abi=hard -nostartfiles -Wall -Wextra"
Running Make include in ps7_cortexa9_0/libsrc/emacps_v3_4/src
make -C ps7_cortexa9_0/libsrc/emacps_v3_4/src -s include  "SHELL=/bin/sh" "COMPILER=arm-none-eabi-gcc" "ARCHIVER=arm-none-eabi-ar" "COMPILER_FLAGS=  -O2 -c" "EXTRA_COMPILER_FLAGS=-mcpu=cortex-a9 -mfpu=vfpv3 -mfloat-abi=hard -nostartfiles -Wall -Wextra"
Running Make include in ps7_cortexa9_0/libsrc/axidma_v9_3/src
make -C ps7_cortexa9_0/libsrc/axidma_v9_3/src -s include  "SHELL=/bin/sh" "COMPILER=arm-none-eabi-gcc" "ARCHIVER=arm-none-eabi-ar" "COMPILER_FLAGS=  -O2 -c" "EXTRA_COMPILER_FLAGS=-mcpu=cortex-a9 -mfpu=vfpv3 -mfloat-abi=hard -nostartfiles -Wall -Wextra"
Running Make include in ps7_cortexa9_0/libsrc/canps_v3_2/src
make -C ps7_cortexa9_0/libsrc/canps_v3_2/src -s include  "SHELL=/bin/sh" "COMPILER=arm-none-eabi-gcc" "ARCHIVER=arm-none-eabi-ar" "COMPILER_FLAGS=  -O2 -c" "EXTRA_COMPILER_FLAGS=-mcpu=cortex-a9 -mfpu=vfpv3 -mfloat-abi=hard -nostartfiles -Wall -Wextra"
Running Make include in ps7_cortexa9_0/libsrc/xadcps_v2_2/src
make -C ps7_cortexa9_0/libsrc/xadcps_v2_2/src -s include  "SHELL=/bin/sh" "COMPILER=arm-none-eabi-gcc" "ARCHIVER=arm-none-eabi-ar" "COMPILER_FLAGS=  -O2 -c" "EXTRA_COMPILER_FLAGS=-mcpu=cortex-a9 -mfpu=vfpv3 -mfloat-abi=hard -nostartfiles -Wall -Wextra"
Running Make include in ps7_cortexa9_0/libsrc/devcfg_v3_4/src
make -C ps7_cortexa9_0/libsrc/devcfg_v3_4/src -s include  "SHELL=/bin/sh" "COMPILER=arm-none-eabi-gcc" "ARCHIVER=arm-none-eabi-ar" "COMPILER_FLAGS=  -O2 -c" "EXTRA_COMPILER_FLAGS=-mcpu=cortex-a9 -mfpu=vfpv3 -mfloat-abi=hard -nostartfiles -Wall -Wextra"
Running Make include in ps7_cortexa9_0/libsrc/sdps_v3_2/src
make -C ps7_cortexa9_0/libsrc/sdps_v3_2/src -s include  "SHELL=/bin/sh" "COMPILER=arm-none-eabi-gcc" "ARCHIVER=arm-none-eabi-ar" "COMPILER_FLAGS=  -O2 -c" "EXTRA_COMPILER_FLAGS=-mcpu=cortex-a9 -mfpu=vfpv3 -mfloat-abi=hard -nostartfiles -Wall -Wextra"
Running Make include in ps7_cortexa9_0/libsrc/iicps_v3_5/src
make -C ps7_cortexa9_0/libsrc/iicps_v3_5/src -s include  "SHELL=/bin/sh" "COMPILER=arm-none-eabi-gcc" "ARCHIVER=arm-none-eabi-ar" "COMPILER_FLAGS=  -O2 -c" "EXTRA_COMPILER_FLAGS=-mcpu=cortex-a9 -mfpu=vfpv3 -mfloat-abi=hard -nostartfiles -Wall -Wextra"
Running Make include in ps7_cortexa9_0/libsrc/scuwdt_v2_1/src
make -C ps7_cortexa9_0/libsrc/scuwdt_v2_1/src -s include  "SHELL=/bin/sh" "COMPILER=arm-none-eabi-gcc" "ARCHIVER=arm-none-eabi-ar" "COMPILER_FLAGS=  -O2 -c" "EXTRA_COMPILER_FLAGS=-mcpu=cortex-a9 -mfpu=vfpv3 -mfloat-abi=hard -nostartfiles -Wall -Wextra"
Running Make include in ps7_cortexa9_0/libsrc/scugic_v3_6/src
make -C ps7_cortexa9_0/libsrc/scugic_v3_6/src -s include  "SHELL=/bin/sh" "COMPILER=arm-none-eabi-gcc" "ARCHIVER=arm-none-eabi-ar" "COMPILER_FLAGS=  -O2 -c" "EXTRA_COMPILER_FLAGS=-mcpu=cortex-a9 -mfpu=vfpv3 -mfloat-abi=hard -nostartfiles -Wall -Wextra"
Running Make include in ps7_cortexa9_0/libsrc/uartps_v3_4/src
make -C ps7_cortexa9_0/libsrc/uartps_v3_4/src -s include  "SHELL=/bin/sh" "COMPILER=arm-none-eabi-gcc" "ARCHIVER=arm-none-eabi-ar" "COMPILER_FLAGS=  -O2 -c" "EXTRA_COMPILER_FLAGS=-mcpu=cortex-a9 -mfpu=vfpv3 -mfloat-abi=hard -nostartfiles -Wall -Wextra"
Running Make include in ps7_cortexa9_0/libsrc/usbps_v2_4/src
make -C ps7_cortexa9_0/libsrc/usbps_v2_4/src -s include  "SHELL=/bin/sh" "COMPILER=arm-none-eabi-gcc" "ARCHIVER=arm-none-eabi-ar" "COMPILER_FLAGS=  -O2 -c" "EXTRA_COMPILER_FLAGS=-mcpu=cortex-a9 -mfpu=vfpv3 -mfloat-abi=hard -nostartfiles -Wall -Wextra"
Running Make include in ps7_cortexa9_0/libsrc/coresightps_dcc_v1_4/src
make -C ps7_cortexa9_0/libsrc/coresightps_dcc_v1_4/src -s include  "SHELL=/bin/sh" "COMPILER=arm-none-eabi-gcc" "ARCHIVER=arm-none-eabi-ar" "COMPILER_FLAGS=  -O2 -c" "EXTRA_COMPILER_FLAGS=-mcpu=cortex-a9 -mfpu=vfpv3 -mfloat-abi=hard -nostartfiles -Wall -Wextra"
Running Make include in ps7_cortexa9_0/libsrc/tmrctr_v4_3/src
make -C ps7_cortexa9_0/libsrc/tmrctr_v4_3/src -s include  "SHELL=/bin/sh" "COMPILER=arm-none-eabi-gcc" "ARCHIVER=arm-none-eabi-ar" "COMPILER_FLAGS=  -O2 -c" "EXTRA_COMPILER_FLAGS=-mcpu=cortex-a9 -mfpu=vfpv3 -mfloat-abi=hard -nostartfiles -Wall -Wextra"
Running Make include in ps7_cortexa9_0/libsrc/scutimer_v2_1/src
make -C ps7_cortexa9_0/libsrc/scutimer_v2_1/src -s include  "SHELL=/bin/sh" "COMPILER=arm-none-eabi-gcc" "ARCHIVER=arm-none-eabi-ar" "COMPILER_FLAGS=  -O2 -c" "EXTRA_COMPILER_FLAGS=-mcpu=cortex-a9 -mfpu=vfpv3 -mfloat-abi=hard -nostartfiles -Wall -Wextra"
Running Make libs in ps7_cortexa9_0/libsrc/qspips_v3_3/src
make -C ps7_cortexa9_0/libsrc/qspips_v3_3/src -s libs  "SHELL=/bin/sh" "COMPILER=arm-none-eabi-gcc" "ARCHIVER=arm-none-eabi-ar" "COMPILER_FLAGS=  -O2 -c" "EXTRA_COMPILER_FLAGS=-mcpu=cortex-a9 -mfpu=vfpv3 -mfloat-abi=hard -nostartfiles -Wall -Wextra"
Compiling qspips
arm-none-eabi-ar: creating ../../../lib/libxil.a
Running Make libs in ps7_cortexa9_0/libsrc/dmaps_v2_3/src
make -C ps7_cortexa9_0/libsrc/dmaps_v2_3/src -s libs  "SHELL=/bin/sh" "COMPILER=arm-none-eabi-gcc" "ARCHIVER=arm-none-eabi-ar" "COMPILER_FLAGS=  -O2 -c" "EXTRA_COMPILER_FLAGS=-mcpu=cortex-a9 -mfpu=vfpv3 -mfloat-abi=hard -nostartfiles -Wall -Wextra"
Compiling dmaps
Running Make libs in ps7_cortexa9_0/libsrc/ddrps_v1_0/src
make -C ps7_cortexa9_0/libsrc/ddrps_v1_0/src -s libs  "SHELL=/bin/sh" "COMPILER=arm-none-eabi-gcc" "ARCHIVER=arm-none-eabi-ar" "COMPILER_FLAGS=  -O2 -c" "EXTRA_COMPILER_FLAGS=-mcpu=cortex-a9 -mfpu=vfpv3 -mfloat-abi=hard -nostartfiles -Wall -Wextra"
Compiling ddrps
Running Make libs in ps7_cortexa9_0/libsrc/gpiops_v3_2/src
make -C ps7_cortexa9_0/libsrc/gpiops_v3_2/src -s libs  "SHELL=/bin/sh" "COMPILER=arm-none-eabi-gcc" "ARCHIVER=arm-none-eabi-ar" "COMPILER_FLAGS=  -O2 -c" "EXTRA_COMPILER_FLAGS=-mcpu=cortex-a9 -mfpu=vfpv3 -mfloat-abi=hard -nostartfiles -Wall -Wextra"
Compiling gpiops
Running Make libs in ps7_cortexa9_0/libsrc/standalone_v6_2/src
make -C ps7_cortexa9_0/libsrc/standalone_v6_2/src -s libs  "SHELL=/bin/sh" "COMPILER=arm-none-eabi-gcc" "ARCHIVER=arm-none-eabi-ar" "COMPILER_FLAGS=  -O2 -c" "EXTRA_COMPILER_FLAGS=-mcpu=cortex-a9 -mfpu=vfpv3 -mfloat-abi=hard -nostartfiles -Wall -Wextra"
Compiling standalone
Running Make libs in ps7_cortexa9_0/libsrc/cpu_cortexa9_v2_4/src
make -C ps7_cortexa9_0/libsrc/cpu_cortexa9_v2_4/src -s libs  "SHELL=/bin/sh" "COMPILER=arm-none-eabi-gcc" "ARCHIVER=arm-none-eabi-ar" "COMPILER_FLAGS=  -O2 -c" "EXTRA_COMPILER_FLAGS=-mcpu=cortex-a9 -mfpu=vfpv3 -mfloat-abi=hard -nostartfiles -Wall -Wextra"
Compiling cpu_cortexa9
Running Make libs in ps7_cortexa9_0/libsrc/ttcps_v3_3/src
make -C ps7_cortexa9_0/libsrc/ttcps_v3_3/src -s libs  "SHELL=/bin/sh" "COMPILER=arm-none-eabi-gcc" "ARCHIVER=arm-none-eabi-ar" "COMPILER_FLAGS=  -O2 -c" "EXTRA_COMPILER_FLAGS=-mcpu=cortex-a9 -mfpu=vfpv3 -mfloat-abi=hard -nostartfiles -Wall -Wextra"
Compiling ttcps
Running Make libs in ps7_cortexa9_0/libsrc/mem_hw_v1_0/src
make -C ps7_cortexa9_0/libsrc/mem_hw_v1_0/src -s libs  "SHELL=/bin/sh" "COMPILER=arm-none-eabi-gcc" "ARCHIVER=arm-none-eabi-ar" "COMPILER_FLAGS=  -O2 -c" "EXTRA_COMPILER_FLAGS=-mcpu=cortex-a9 -mfpu=vfpv3 -mfloat-abi=hard -nostartfiles -Wall -Wextra"
Compiling mem_hw
Running Make libs in ps7_cortexa9_0/libsrc/emacps_v3_4/src
make -C ps7_cortexa9_0/libsrc/emacps_v3_4/src -s libs  "SHELL=/bin/sh" "COMPILER=arm-none-eabi-gcc" "ARCHIVER=arm-none-eabi-ar" "COMPILER_FLAGS=  -O2 -c" "EXTRA_COMPILER_FLAGS=-mcpu=cortex-a9 -mfpu=vfpv3 -mfloat-abi=hard -nostartfiles -Wall -Wextra"
Compiling emacps
Running Make libs in ps7_cortexa9_0/libsrc/axidma_v9_3/src
make -C ps7_cortexa9_0/libsrc/axidma_v9_3/src -s libs  "SHELL=/bin/sh" "COMPILER=arm-none-eabi-gcc" "ARCHIVER=arm-none-eabi-ar" "COMPILER_FLAGS=  -O2 -c" "EXTRA_COMPILER_FLAGS=-mcpu=cortex-a9 -mfpu=vfpv3 -mfloat-abi=hard -nostartfiles -Wall -Wextra"
Compiling axidma
Running Make libs in ps7_cortexa9_0/libsrc/canps_v3_2/src
make -C ps7_cortexa9_0/libsrc/canps_v3_2/src -s libs  "SHELL=/bin/sh" "COMPILER=arm-none-eabi-gcc" "ARCHIVER=arm-none-eabi-ar" "COMPILER_FLAGS=  -O2 -c" "EXTRA_COMPILER_FLAGS=-mcpu=cortex-a9 -mfpu=vfpv3 -mfloat-abi=hard -nostartfiles -Wall -Wextra"
Compiling canps
Running Make libs in ps7_cortexa9_0/libsrc/xadcps_v2_2/src
make -C ps7_cortexa9_0/libsrc/xadcps_v2_2/src -s libs  "SHELL=/bin/sh" "COMPILER=arm-none-eabi-gcc" "ARCHIVER=arm-none-eabi-ar" "COMPILER_FLAGS=  -O2 -c" "EXTRA_COMPILER_FLAGS=-mcpu=cortex-a9 -mfpu=vfpv3 -mfloat-abi=hard -nostartfiles -Wall -Wextra"
Compiling xadcps
Running Make libs in ps7_cortexa9_0/libsrc/devcfg_v3_4/src
make -C ps7_cortexa9_0/libsrc/devcfg_v3_4/src -s libs  "SHELL=/bin/sh" "COMPILER=arm-none-eabi-gcc" "ARCHIVER=arm-none-eabi-ar" "COMPILER_FLAGS=  -O2 -c" "EXTRA_COMPILER_FLAGS=-mcpu=cortex-a9 -mfpu=vfpv3 -mfloat-abi=hard -nostartfiles -Wall -Wextra"
Compiling devcfg
Running Make libs in ps7_cortexa9_0/libsrc/sdps_v3_2/src
make -C ps7_cortexa9_0/libsrc/sdps_v3_2/src -s libs  "SHELL=/bin/sh" "COMPILER=arm-none-eabi-gcc" "ARCHIVER=arm-none-eabi-ar" "COMPILER_FLAGS=  -O2 -c" "EXTRA_COMPILER_FLAGS=-mcpu=cortex-a9 -mfpu=vfpv3 -mfloat-abi=hard -nostartfiles -Wall -Wextra"
Compiling sdps
Running Make libs in ps7_cortexa9_0/libsrc/iicps_v3_5/src
make -C ps7_cortexa9_0/libsrc/iicps_v3_5/src -s libs  "SHELL=/bin/sh" "COMPILER=arm-none-eabi-gcc" "ARCHIVER=arm-none-eabi-ar" "COMPILER_FLAGS=  -O2 -c" "EXTRA_COMPILER_FLAGS=-mcpu=cortex-a9 -mfpu=vfpv3 -mfloat-abi=hard -nostartfiles -Wall -Wextra"
Compiling iicps
Running Make libs in ps7_cortexa9_0/libsrc/scuwdt_v2_1/src
make -C ps7_cortexa9_0/libsrc/scuwdt_v2_1/src -s libs  "SHELL=/bin/sh" "COMPILER=arm-none-eabi-gcc" "ARCHIVER=arm-none-eabi-ar" "COMPILER_FLAGS=  -O2 -c" "EXTRA_COMPILER_FLAGS=-mcpu=cortex-a9 -mfpu=vfpv3 -mfloat-abi=hard -nostartfiles -Wall -Wextra"
Compiling scuwdt
Running Make libs in ps7_cortexa9_0/libsrc/scugic_v3_6/src
make -C ps7_cortexa9_0/libsrc/scugic_v3_6/src -s libs  "SHELL=/bin/sh" "COMPILER=arm-none-eabi-gcc" "ARCHIVER=arm-none-eabi-ar" "COMPILER_FLAGS=  -O2 -c" "EXTRA_COMPILER_FLAGS=-mcpu=cortex-a9 -mfpu=vfpv3 -mfloat-abi=hard -nostartfiles -Wall -Wextra"
Compiling scugic
xscugic_g.c:53:2: warning: missing initializer for field 'HandlerTable' of 'XScuGic_Config {aka struct <anonymous>}' [-Wmissing-field-initializers]
  }
  ^
In file included from xscugic_g.c:41:0:
xscugic.h:217:27: note: 'HandlerTable' declared here
  XScuGic_VectorTableEntry HandlerTable[XSCUGIC_MAX_NUM_INTR_INPUTS];/**<
                           ^~~~~~~~~~~~
Running Make libs in ps7_cortexa9_0/libsrc/uartps_v3_4/src
make -C ps7_cortexa9_0/libsrc/uartps_v3_4/src -s libs  "SHELL=/bin/sh" "COMPILER=arm-none-eabi-gcc" "ARCHIVER=arm-none-eabi-ar" "COMPILER_FLAGS=  -O2 -c" "EXTRA_COMPILER_FLAGS=-mcpu=cortex-a9 -mfpu=vfpv3 -mfloat-abi=hard -nostartfiles -Wall -Wextra"
Compiling uartps
Running Make libs in ps7_cortexa9_0/libsrc/usbps_v2_4/src
make -C ps7_cortexa9_0/libsrc/usbps_v2_4/src -s libs  "SHELL=/bin/sh" "COMPILER=arm-none-eabi-gcc" "ARCHIVER=arm-none-eabi-ar" "COMPILER_FLAGS=  -O2 -c" "EXTRA_COMPILER_FLAGS=-mcpu=cortex-a9 -mfpu=vfpv3 -mfloat-abi=hard -nostartfiles -Wall -Wextra"
Compiling usbps
Running Make libs in ps7_cortexa9_0/libsrc/coresightps_dcc_v1_4/src
make -C ps7_cortexa9_0/libsrc/coresightps_dcc_v1_4/src -s libs  "SHELL=/bin/sh" "COMPILER=arm-none-eabi-gcc" "ARCHIVER=arm-none-eabi-ar" "COMPILER_FLAGS=  -O2 -c" "EXTRA_COMPILER_FLAGS=-mcpu=cortex-a9 -mfpu=vfpv3 -mfloat-abi=hard -nostartfiles -Wall -Wextra"
Compiling coresightps_dcc
Running Make libs in ps7_cortexa9_0/libsrc/tmrctr_v4_3/src
make -C ps7_cortexa9_0/libsrc/tmrctr_v4_3/src -s libs  "SHELL=/bin/sh" "COMPILER=arm-none-eabi-gcc" "ARCHIVER=arm-none-eabi-ar" "COMPILER_FLAGS=  -O2 -c" "EXTRA_COMPILER_FLAGS=-mcpu=cortex-a9 -mfpu=vfpv3 -mfloat-abi=hard -nostartfiles -Wall -Wextra"
Compiling tmrctr
Running Make libs in ps7_cortexa9_0/libsrc/scutimer_v2_1/src
make -C ps7_cortexa9_0/libsrc/scutimer_v2_1/src -s libs  "SHELL=/bin/sh" "COMPILER=arm-none-eabi-gcc" "ARCHIVER=arm-none-eabi-ar" "COMPILER_FLAGS=  -O2 -c" "EXTRA_COMPILER_FLAGS=-mcpu=cortex-a9 -mfpu=vfpv3 -mfloat-abi=hard -nostartfiles -Wall -Wextra"
Compiling scutimer
Finished building libraries
17:22:47 **** Build of configuration Debug for project test ****
make pre-build main-build 
a9-linaro-pre-build-step
 
Building file: ../src/helloworld.c
Invoking: ARM v7 gcc compiler
arm-none-eabi-gcc -Wall -O0 -g3 -c -fmessage-length=0 -MT"src/helloworld.o" -mcpu=cortex-a9 -mfpu=vfpv3 -mfloat-abi=hard -I../../f_PL_250_WIDTH_32_BURST_256_bsp/ps7_cortexa9_0/include -MMD -MP -MF"src/helloworld.d" -MT"src/helloworld.o" -o "src/helloworld.o" "../src/helloworld.c"
../src/helloworld.c: In function 'main':
../src/helloworld.c:234:11: warning: unused variable 'res' [-Wunused-variable]
     float res[3][2];
           ^~~
../src/helloworld.c:233:6: warning: unused variable 'size' [-Wunused-variable]
  int size[10];
      ^~~~
Finished building: ../src/helloworld.c
 
Building file: ../src/interrupt.c
Invoking: ARM v7 gcc compiler
arm-none-eabi-gcc -Wall -O0 -g3 -c -fmessage-length=0 -MT"src/interrupt.o" -mcpu=cortex-a9 -mfpu=vfpv3 -mfloat-abi=hard -I../../f_PL_250_WIDTH_32_BURST_256_bsp/ps7_cortexa9_0/include -MMD -MP -MF"src/interrupt.d" -MT"src/interrupt.o" -o "src/interrupt.o" "../src/interrupt.c"
Finished building: ../src/interrupt.c
 
Building file: ../src/mem_test.c
Invoking: ARM v7 gcc compiler
arm-none-eabi-gcc -Wall -O0 -g3 -c -fmessage-length=0 -MT"src/mem_test.o" -mcpu=cortex-a9 -mfpu=vfpv3 -mfloat-abi=hard -I../../f_PL_250_WIDTH_32_BURST_256_bsp/ps7_cortexa9_0/include -MMD -MP -MF"src/mem_test.d" -MT"src/mem_test.o" -o "src/mem_test.o" "../src/mem_test.c"
../src/mem_test.c:14:45: warning: excess elements in array initializer
 volatile static int RunExample[NUM_HW] = {0,0,0,0};
                                             ^
../src/mem_test.c:14:45: note: (near initialization for 'RunExample')
../src/mem_test.c:14:47: warning: excess elements in array initializer
 volatile static int RunExample[NUM_HW] = {0,0,0,0};
                                               ^
../src/mem_test.c:14:47: note: (near initialization for 'RunExample')
../src/mem_test.c:14:49: warning: excess elements in array initializer
 volatile static int RunExample[NUM_HW] = {0,0,0,0};
                                                 ^
../src/mem_test.c:14:49: note: (near initialization for 'RunExample')
../src/mem_test.c:15:48: warning: excess elements in array initializer
 volatile static int ResultExample[NUM_HW] = {0,0,0,0};
                                                ^
../src/mem_test.c:15:48: note: (near initialization for 'ResultExample')
../src/mem_test.c:15:50: warning: excess elements in array initializer
 volatile static int ResultExample[NUM_HW] = {0,0,0,0};
                                                  ^
../src/mem_test.c:15:50: note: (near initialization for 'ResultExample')
../src/mem_test.c:15:52: warning: excess elements in array initializer
 volatile static int ResultExample[NUM_HW] = {0,0,0,0};
                                                    ^
../src/mem_test.c:15:52: note: (near initialization for 'ResultExample')
../src/mem_test.c:23:3: warning: excess elements in array initializer
   {XPAR_MEM_HW_1_DEVICE_ID,XPAR_MEM_HW_1_S_AXI_CONTROL_BUS_BASEADDR},
   ^
../src/mem_test.c:23:3: note: (near initialization for 'dev_hw_cfg')
../src/mem_test.c:24:3: warning: excess elements in array initializer
   {XPAR_MEM_HW_2_DEVICE_ID,XPAR_MEM_HW_2_S_AXI_CONTROL_BUS_BASEADDR},
   ^
../src/mem_test.c:24:3: note: (near initialization for 'dev_hw_cfg')
../src/mem_test.c:25:3: warning: excess elements in array initializer
   {XPAR_MEM_HW_3_DEVICE_ID,XPAR_MEM_HW_3_S_AXI_CONTROL_BUS_BASEADDR}
   ^
../src/mem_test.c:25:3: note: (near initialization for 'dev_hw_cfg')
In file included from ../src/mem_test.c:12:0:
../src/mem_test.c: In function 'SetupDevice':
../src/mem_test.h:40:14: warning: large integer implicitly truncated to unsigned type [-Woverflow]
 #define MASK 0xFFFFFFFFFFFFFFFF
              ^
../src/mem_test.c:815:37: note: in expansion of macro 'MASK'
  XMem_hw_Set_mask(&dev_hw[dev_num], MASK);
                                     ^~~~
../src/mem_test.c: In function 'deviceScript':
../src/mem_test.c:1334:6: warning: variable 'size' set but not used [-Wunused-but-set-variable]
  int size[10];
      ^~~~
../src/mem_test.c: In function 'deviceScriptStatic':
../src/mem_test.c:1413:6: warning: variable 'size' set but not used [-Wunused-but-set-variable]
  int size[10];
      ^~~~
Finished building: ../src/mem_test.c
 
Building file: ../src/platform.c
Invoking: ARM v7 gcc compiler
arm-none-eabi-gcc -Wall -O0 -g3 -c -fmessage-length=0 -MT"src/platform.o" -mcpu=cortex-a9 -mfpu=vfpv3 -mfloat-abi=hard -I../../f_PL_250_WIDTH_32_BURST_256_bsp/ps7_cortexa9_0/include -MMD -MP -MF"src/platform.d" -MT"src/platform.o" -o "src/platform.o" "../src/platform.c"
Finished building: ../src/platform.c
 
Building file: ../src/pmbus_iic.c
Invoking: ARM v7 gcc compiler
arm-none-eabi-gcc -Wall -O0 -g3 -c -fmessage-length=0 -MT"src/pmbus_iic.o" -mcpu=cortex-a9 -mfpu=vfpv3 -mfloat-abi=hard -I../../f_PL_250_WIDTH_32_BURST_256_bsp/ps7_cortexa9_0/include -MMD -MP -MF"src/pmbus_iic.d" -MT"src/pmbus_iic.o" -o "src/pmbus_iic.o" "../src/pmbus_iic.c"
../src/pmbus_iic.c: In function 'simplePowerTestStatistics':
../src/pmbus_iic.c:222:2: warning: implicit declaration of function 'printf' [-Wimplicit-function-declaration]
  printf("VccInt \t\t: current = mean %f, var %f | voltage = mean %f, var %f\n\r", i_mean[0],i_var[0],v_mean[0],v_var[0]);
  ^~~~~~
../src/pmbus_iic.c:222:2: warning: incompatible implicit declaration of built-in function 'printf'
../src/pmbus_iic.c:222:2: note: include '<stdio.h>' or provide a declaration of 'printf'
../src/pmbus_iic.c: In function 'setupCalibration':
../src/pmbus_iic.c:286:6: warning: incompatible implicit declaration of built-in function 'printf'
      printf("device: %d, page: %d\n\r",device,page);
      ^~~~~~
../src/pmbus_iic.c:286:6: note: include '<stdio.h>' or provide a declaration of 'printf'
../src/pmbus_iic.c: In function 'readCurrent_real':
../src/pmbus_iic.c:529:9: warning: variable 'data' set but not used [-Wunused-but-set-variable]
     u16 data;
         ^~~~
../src/pmbus_iic.c: In function 'displayPower':
../src/pmbus_iic.c:704:2: warning: incompatible implicit declaration of built-in function 'printf'
  printf("|---------------------------------------------------------------|\n");
  ^~~~~~
../src/pmbus_iic.c:704:2: note: include '<stdio.h>' or provide a declaration of 'printf'
../src/pmbus_iic.c: In function 'printPowerInfo':
../src/pmbus_iic.c:743:3: warning: incompatible implicit declaration of built-in function 'printf'
   printf("VccInt \t\t: %f\n\r", power_table[i][0]);
   ^~~~~~
../src/pmbus_iic.c:743:3: note: include '<stdio.h>' or provide a declaration of 'printf'
Finished building: ../src/pmbus_iic.c
 
Building file: ../src/timer.c
Invoking: ARM v7 gcc compiler
arm-none-eabi-gcc -Wall -O0 -g3 -c -fmessage-length=0 -MT"src/timer.o" -mcpu=cortex-a9 -mfpu=vfpv3 -mfloat-abi=hard -I../../f_PL_250_WIDTH_32_BURST_256_bsp/ps7_cortexa9_0/include -MMD -MP -MF"src/timer.d" -MT"src/timer.o" -o "src/timer.o" "../src/timer.c"
Finished building: ../src/timer.c
 
Building target: test.elf
Invoking: ARM v7 gcc linker
arm-none-eabi-gcc -mcpu=cortex-a9 -mfpu=vfpv3 -mfloat-abi=hard -Wl,-build-id=none -specs=Xilinx.spec -Wl,-T -Wl,../src/lscript.ld -L../../f_PL_250_WIDTH_32_BURST_256_bsp/ps7_cortexa9_0/lib -o "test.elf"  ./src/helloworld.o ./src/interrupt.o ./src/mem_test.o ./src/platform.o ./src/pmbus_iic.o ./src/timer.o   -lm -Wl,--start-group,-lxil,-lgcc,-lc,--end-group
Finished building target: test.elf
 
Invoking: ARM v7 Print Size
arm-none-eabi-size test.elf  |tee "test.elf.size"
   text	   data	    bss	    dec	    hex	filename
 138564	   5196	  34080	 177840	  2b6b0	test.elf
Finished building: test.elf.size
 
17:22:55 **** Incremental Build of configuration Debug for project test ****
make pre-build main-build 
a9-linaro-pre-build-step
 
make: Nothing to be done for 'main-build'.
17:23:31 **** Auto Build of configuration Debug for project test ****
make pre-build main-build 
a9-linaro-pre-build-step
 
Building file: ../src/helloworld.c
Invoking: ARM v7 gcc compiler
arm-none-eabi-gcc -Wall -O0 -g3 -c -fmessage-length=0 -MT"src/helloworld.o" -mcpu=cortex-a9 -mfpu=vfpv3 -mfloat-abi=hard -I../../f_PL_250_WIDTH_32_BURST_256_bsp/ps7_cortexa9_0/include -MMD -MP -MF"src/helloworld.d" -MT"src/helloworld.o" -o "src/helloworld.o" "../src/helloworld.c"
../src/helloworld.c: In function 'main':
../src/helloworld.c:234:11: warning: unused variable 'res' [-Wunused-variable]
     float res[3][2];
           ^~~
../src/helloworld.c:233:6: warning: unused variable 'size' [-Wunused-variable]
  int size[10];
      ^~~~
Finished building: ../src/helloworld.c
 
Building file: ../src/mem_test.c
Invoking: ARM v7 gcc compiler
arm-none-eabi-gcc -Wall -O0 -g3 -c -fmessage-length=0 -MT"src/mem_test.o" -mcpu=cortex-a9 -mfpu=vfpv3 -mfloat-abi=hard -I../../f_PL_250_WIDTH_32_BURST_256_bsp/ps7_cortexa9_0/include -MMD -MP -MF"src/mem_test.d" -MT"src/mem_test.o" -o "src/mem_test.o" "../src/mem_test.c"
../src/mem_test.c:14:47: warning: excess elements in array initializer
 volatile static int RunExample[NUM_HW] = {0,0,0,0};
                                               ^
../src/mem_test.c:14:47: note: (near initialization for 'RunExample')
../src/mem_test.c:14:49: warning: excess elements in array initializer
 volatile static int RunExample[NUM_HW] = {0,0,0,0};
                                                 ^
../src/mem_test.c:14:49: note: (near initialization for 'RunExample')
../src/mem_test.c:15:50: warning: excess elements in array initializer
 volatile static int ResultExample[NUM_HW] = {0,0,0,0};
                                                  ^
../src/mem_test.c:15:50: note: (near initialization for 'ResultExample')
../src/mem_test.c:15:52: warning: excess elements in array initializer
 volatile static int ResultExample[NUM_HW] = {0,0,0,0};
                                                    ^
../src/mem_test.c:15:52: note: (near initialization for 'ResultExample')
../src/mem_test.c:24:3: warning: excess elements in array initializer
   {XPAR_MEM_HW_2_DEVICE_ID,XPAR_MEM_HW_2_S_AXI_CONTROL_BUS_BASEADDR},
   ^
../src/mem_test.c:24:3: note: (near initialization for 'dev_hw_cfg')
../src/mem_test.c:25:3: warning: excess elements in array initializer
   {XPAR_MEM_HW_3_DEVICE_ID,XPAR_MEM_HW_3_S_AXI_CONTROL_BUS_BASEADDR}
   ^
../src/mem_test.c:25:3: note: (near initialization for 'dev_hw_cfg')
In file included from ../src/mem_test.c:12:0:
../src/mem_test.c: In function 'SetupDevice':
../src/mem_test.h:40:14: warning: large integer implicitly truncated to unsigned type [-Woverflow]
 #define MASK 0xFFFFFFFFFFFFFFFF
              ^
../src/mem_test.c:815:37: note: in expansion of macro 'MASK'
  XMem_hw_Set_mask(&dev_hw[dev_num], MASK);
                                     ^~~~
../src/mem_test.c: In function 'deviceScript':
../src/mem_test.c:1334:6: warning: variable 'size' set but not used [-Wunused-but-set-variable]
  int size[10];
      ^~~~
../src/mem_test.c: In function 'deviceScriptStatic':
../src/mem_test.c:1413:6: warning: variable 'size' set but not used [-Wunused-but-set-variable]
  int size[10];
      ^~~~
Finished building: ../src/mem_test.c
 
Building target: test.elf
Invoking: ARM v7 gcc linker
arm-none-eabi-gcc -mcpu=cortex-a9 -mfpu=vfpv3 -mfloat-abi=hard -Wl,-build-id=none -specs=Xilinx.spec -Wl,-T -Wl,../src/lscript.ld -L../../f_PL_250_WIDTH_32_BURST_256_bsp/ps7_cortexa9_0/lib -o "test.elf"  ./src/helloworld.o ./src/interrupt.o ./src/mem_test.o ./src/platform.o ./src/pmbus_iic.o ./src/timer.o   -lm -Wl,--start-group,-lxil,-lgcc,-lc,--end-group
Finished building target: test.elf
 
Invoking: ARM v7 Print Size
arm-none-eabi-size test.elf  |tee "test.elf.size"
   text	   data	    bss	    dec	    hex	filename
 138692	   5204	  35840	 179736	  2be18	test.elf
Finished building: test.elf.size
 
17:23:34 **** Incremental Build of configuration Debug for project test ****
make pre-build main-build 
a9-linaro-pre-build-step
 
make: Nothing to be done for 'main-build'.
17:24:07 **** Auto Build of configuration Debug for project test ****
make pre-build main-build 
a9-linaro-pre-build-step
 
Building file: ../src/helloworld.c
Invoking: ARM v7 gcc compiler
arm-none-eabi-gcc -Wall -O0 -g3 -c -fmessage-length=0 -MT"src/helloworld.o" -mcpu=cortex-a9 -mfpu=vfpv3 -mfloat-abi=hard -I../../f_PL_250_WIDTH_32_BURST_256_bsp/ps7_cortexa9_0/include -MMD -MP -MF"src/helloworld.d" -MT"src/helloworld.o" -o "src/helloworld.o" "../src/helloworld.c"
../src/helloworld.c: In function 'main':
../src/helloworld.c:234:11: warning: unused variable 'res' [-Wunused-variable]
     float res[3][2];
           ^~~
../src/helloworld.c:233:6: warning: unused variable 'size' [-Wunused-variable]
  int size[10];
      ^~~~
Finished building: ../src/helloworld.c
 
Building file: ../src/mem_test.c
Invoking: ARM v7 gcc compiler
arm-none-eabi-gcc -Wall -O0 -g3 -c -fmessage-length=0 -MT"src/mem_test.o" -mcpu=cortex-a9 -mfpu=vfpv3 -mfloat-abi=hard -I../../f_PL_250_WIDTH_32_BURST_256_bsp/ps7_cortexa9_0/include -MMD -MP -MF"src/mem_test.d" -MT"src/mem_test.o" -o "src/mem_test.o" "../src/mem_test.c"
../src/mem_test.c:14:49: warning: excess elements in array initializer
 volatile static int RunExample[NUM_HW] = {0,0,0,0};
                                                 ^
../src/mem_test.c:14:49: note: (near initialization for 'RunExample')
../src/mem_test.c:15:52: warning: excess elements in array initializer
 volatile static int ResultExample[NUM_HW] = {0,0,0,0};
                                                    ^
../src/mem_test.c:15:52: note: (near initialization for 'ResultExample')
../src/mem_test.c:25:3: warning: excess elements in array initializer
   {XPAR_MEM_HW_3_DEVICE_ID,XPAR_MEM_HW_3_S_AXI_CONTROL_BUS_BASEADDR}
   ^
../src/mem_test.c:25:3: note: (near initialization for 'dev_hw_cfg')
In file included from ../src/mem_test.c:12:0:
../src/mem_test.c: In function 'SetupDevice':
../src/mem_test.h:40:14: warning: large integer implicitly truncated to unsigned type [-Woverflow]
 #define MASK 0xFFFFFFFFFFFFFFFF
              ^
../src/mem_test.c:815:37: note: in expansion of macro 'MASK'
  XMem_hw_Set_mask(&dev_hw[dev_num], MASK);
                                     ^~~~
../src/mem_test.c: In function 'deviceScript':
../src/mem_test.c:1334:6: warning: variable 'size' set but not used [-Wunused-but-set-variable]
  int size[10];
      ^~~~
../src/mem_test.c: In function 'deviceScriptStatic':
../src/mem_test.c:1413:6: warning: variable 'size' set but not used [-Wunused-but-set-variable]
  int size[10];
      ^~~~
Finished building: ../src/mem_test.c
 
Building target: test.elf
Invoking: ARM v7 gcc linker
arm-none-eabi-gcc -mcpu=cortex-a9 -mfpu=vfpv3 -mfloat-abi=hard -Wl,-build-id=none -specs=Xilinx.spec -Wl,-T -Wl,../src/lscript.ld -L../../f_PL_250_WIDTH_32_BURST_256_bsp/ps7_cortexa9_0/lib -o "test.elf"  ./src/helloworld.o ./src/interrupt.o ./src/mem_test.o ./src/platform.o ./src/pmbus_iic.o ./src/timer.o   -lm -Wl,--start-group,-lxil,-lgcc,-lc,--end-group
Finished building target: test.elf
 
Invoking: ARM v7 Print Size
arm-none-eabi-size test.elf  |tee "test.elf.size"
   text	   data	    bss	    dec	    hex	filename
 138756	   5212	  37600	 181568	  2c540	test.elf
Finished building: test.elf.size
 
17:24:14 **** Incremental Build of configuration Debug for project test ****
make pre-build main-build 
a9-linaro-pre-build-step
 
make: Nothing to be done for 'main-build'.
17:25:02 **** Auto Build of configuration Debug for project test ****
make pre-build main-build 
a9-linaro-pre-build-step
 
Building file: ../src/helloworld.c
Invoking: ARM v7 gcc compiler
arm-none-eabi-gcc -Wall -O0 -g3 -c -fmessage-length=0 -MT"src/helloworld.o" -mcpu=cortex-a9 -mfpu=vfpv3 -mfloat-abi=hard -I../../f_PL_250_WIDTH_32_BURST_256_bsp/ps7_cortexa9_0/include -MMD -MP -MF"src/helloworld.d" -MT"src/helloworld.o" -o "src/helloworld.o" "../src/helloworld.c"
../src/helloworld.c: In function 'main':
../src/helloworld.c:234:11: warning: unused variable 'res' [-Wunused-variable]
     float res[3][2];
           ^~~
../src/helloworld.c:233:6: warning: unused variable 'size' [-Wunused-variable]
  int size[10];
      ^~~~
Finished building: ../src/helloworld.c
 
Building file: ../src/mem_test.c
Invoking: ARM v7 gcc compiler
arm-none-eabi-gcc -Wall -O0 -g3 -c -fmessage-length=0 -MT"src/mem_test.o" -mcpu=cortex-a9 -mfpu=vfpv3 -mfloat-abi=hard -I../../f_PL_250_WIDTH_32_BURST_256_bsp/ps7_cortexa9_0/include -MMD -MP -MF"src/mem_test.d" -MT"src/mem_test.o" -o "src/mem_test.o" "../src/mem_test.c"
In file included from ../src/mem_test.c:12:0:
../src/mem_test.c: In function 'SetupDevice':
../src/mem_test.h:40:14: warning: large integer implicitly truncated to unsigned type [-Woverflow]
 #define MASK 0xFFFFFFFFFFFFFFFF
              ^
../src/mem_test.c:815:37: note: in expansion of macro 'MASK'
  XMem_hw_Set_mask(&dev_hw[dev_num], MASK);
                                     ^~~~
../src/mem_test.c: In function 'deviceScript':
../src/mem_test.c:1334:6: warning: variable 'size' set but not used [-Wunused-but-set-variable]
  int size[10];
      ^~~~
../src/mem_test.c: In function 'deviceScriptStatic':
../src/mem_test.c:1413:6: warning: variable 'size' set but not used [-Wunused-but-set-variable]
  int size[10];
      ^~~~
Finished building: ../src/mem_test.c
 
Building target: test.elf
Invoking: ARM v7 gcc linker
arm-none-eabi-gcc -mcpu=cortex-a9 -mfpu=vfpv3 -mfloat-abi=hard -Wl,-build-id=none -specs=Xilinx.spec -Wl,-T -Wl,../src/lscript.ld -L../../f_PL_250_WIDTH_32_BURST_256_bsp/ps7_cortexa9_0/lib -o "test.elf"  ./src/helloworld.o ./src/interrupt.o ./src/mem_test.o ./src/platform.o ./src/pmbus_iic.o ./src/timer.o   -lm -Wl,--start-group,-lxil,-lgcc,-lc,--end-group
Finished building target: test.elf
 
Invoking: ARM v7 Print Size
arm-none-eabi-size test.elf  |tee "test.elf.size"
   text	   data	    bss	    dec	    hex	filename
 138884	   5220	  39360	 183464	  2cca8	test.elf
Finished building: test.elf.size
 
17:25:26 **** Incremental Build of configuration Debug for project test ****
make pre-build main-build 
a9-linaro-pre-build-step
 
make: Nothing to be done for 'main-build'.
