17:44:42 **** Auto Build of configuration Debug for project test ****
make pre-build main-build 
a9-linaro-pre-build-step
 
Building file: ../src/mem_test.c
Invoking: ARM v7 gcc compiler
arm-none-eabi-gcc -Wall -O0 -g3 -c -fmessage-length=0 -MT"src/mem_test.o" -mcpu=cortex-a9 -mfpu=vfpv3 -mfloat-abi=hard -I../../test_10_32_bsp/ps7_cortexa9_0/include -MMD -MP -MF"src/mem_test.d" -MT"src/mem_test.o" -o "src/mem_test.o" "../src/mem_test.c"
In file included from ../src/mem_test.c:12:0:
../src/mem_test.c: In function 'SetupDevice':
../src/mem_test.h:40:14: warning: large integer implicitly truncated to unsigned type [-Woverflow]
 #define MASK 0xFFFFFFFFFFFFFFFF
              ^
../src/mem_test.c:815:37: note: in expansion of macro 'MASK'
  XMem_hw_Set_mask(&dev_hw[dev_num], MASK);
                                     ^~~~
../src/mem_test.c: In function 'deviceScript':
../src/mem_test.c:1332:6: warning: variable 'size' set but not used [-Wunused-but-set-variable]
  int size[10];
      ^~~~
../src/mem_test.c: In function 'deviceScriptStatic':
../src/mem_test.c:1411:6: warning: variable 'size' set but not used [-Wunused-but-set-variable]
  int size[10];
      ^~~~
Finished building: ../src/mem_test.c
 
Building target: test.elf
Invoking: ARM v7 gcc linker
arm-none-eabi-gcc -mcpu=cortex-a9 -mfpu=vfpv3 -mfloat-abi=hard -Wl,-build-id=none -specs=Xilinx.spec -Wl,-T -Wl,../src/lscript.ld -L../../test_10_32_bsp/ps7_cortexa9_0/lib -o "test.elf"  ./src/helloworld.o ./src/interrupt.o ./src/mem_test.o ./src/platform.o ./src/pmbus_iic.o ./src/timer.o   -lm -Wl,--start-group,-lxil,-lgcc,-lc,--end-group
Finished building target: test.elf
 
Invoking: ARM v7 Print Size
arm-none-eabi-size test.elf  |tee "test.elf.size"
   text	   data	    bss	    dec	    hex	filename
 138876	   5220	  39360	 183456	  2cca0	test.elf
Finished building: test.elf.size
 

17:44:42 Build Finished (took 568ms)

