

================================================================
== Vivado HLS Report for 'mem_hw_entry3'
================================================================
* Date:           Mon Jun 11 15:06:18 2018

* Version:        2017.1 (Build 1846317 on Fri Apr 14 19:19:38 MDT 2017)
* Project:        mem_prj
* Solution:       solution1
* Product family: zynq
* Target device:  xc7z020clg484-1


================================================================
== Performance Estimates
================================================================
+ Timing (ns): 
    * Summary: 
    +--------+--------+----------+------------+
    |  Clock | Target | Estimated| Uncertainty|
    +--------+--------+----------+------------+
    |ap_clk  |  800.00|      2.32|      100.00|
    +--------+--------+----------+------------+

+ Latency (clock cycles): 
    * Summary: 
    +-----+-----+-----+-----+---------+
    |  Latency  |  Interval | Pipeline|
    | min | max | min | max |   Type  |
    +-----+-----+-----+-----+---------+
    |    0|    0|    0|    0|   none  |
    +-----+-----+-----+-----+---------+

    + Detail: 
        * Instance: 
        N/A

        * Loop: 
        N/A

============================================================
+ Verbose Summary: Synthesis Manager
============================================================
InlineROM: 1
ExposeGlobal: 0
============================================================
+ Verbose Summary: CDFG Model
============================================================
IsTopModel: 0
ResetActiveHigh: 1
IsCombinational: 2
IsDatapathOnly: 0
HasWiredReturn: 1
HasMFsm: 0
HasVarLatency: 0
IsPipeline: 0
IsRtlPipelined: 0
IsInstanceOverlapped: 0
IsDontTouch: 0
HasImplIP: 0
IsGatedGlobalClock: 0


============================================================
+ Verbose Summary: Schedule
============================================================
* Number of FSM states: 1
* Pipeline: 0
* Dataflow Pipeline: 0

* FSM state transitions: 
1 --> 
* FSM state operations: 

 <State 1>: 2.32ns
ST_1: StgValue_2 (3)  [1/1] 0.00ns
entry:0  call void (...)* @_ssdm_op_SpecInterface(i32* %mask_out, [8 x i8]* @ap_fifo_str, i32 0, i32 0, [1 x i8]* @p_str8, i32 0, i32 0, [1 x i8]* @p_str9, [1 x i8]* @p_str10, [1 x i8]* @p_str11, i32 2, i32 2, i32 16, i32 16, [1 x i8]* @p_str12, [1 x i8]* @p_str13)

ST_1: mask_read (4)  [1/1] 0.00ns
entry:1  %mask_read = call i32 @_ssdm_op_Read.ap_auto.i32(i32 %mask)

ST_1: StgValue_4 (5)  [1/1] 2.32ns
entry:2  call void @_ssdm_op_Write.ap_fifo.i32P(i32* %mask_out, i32 %mask_read)

ST_1: StgValue_5 (6)  [1/1] 0.00ns
entry:3  ret void



============================================================
+ Verbose Summary: Timing violations
============================================================
Target clock period: 800ns, clock uncertainty: 100ns.

 <State 1>: 2.32ns
The critical path consists of the following:
	wire read on port 'mask' [4]  (0 ns)
	fifo write on port 'mask_out' [5]  (2.32 ns)


============================================================
+ Verbose Summary: Binding
============================================================
N/A
* FSMD analyzer results:
  - Output states:
 - Input state : 
  - Chain level:
	State 1


============================================================
+ Verbose Summary: Datapath Resource usage 
============================================================
N/A
