12:00:04 **** Build of project test_bsp ****
make -k all 
Running Make include in ps7_cortexa9_0/libsrc/qspips_v3_3/src
make -C ps7_cortexa9_0/libsrc/qspips_v3_3/src -s include  "SHELL=/bin/sh" "COMPILER=arm-none-eabi-gcc" "ARCHIVER=arm-none-eabi-ar" "COMPILER_FLAGS=  -O2 -c" "EXTRA_COMPILER_FLAGS=-mcpu=cortex-a9 -mfpu=vfpv3 -mfloat-abi=hard -nostartfiles -Wall -Wextra"
Running Make include in ps7_cortexa9_0/libsrc/dmaps_v2_3/src
make -C ps7_cortexa9_0/libsrc/dmaps_v2_3/src -s include  "SHELL=/bin/sh" "COMPILER=arm-none-eabi-gcc" "ARCHIVER=arm-none-eabi-ar" "COMPILER_FLAGS=  -O2 -c" "EXTRA_COMPILER_FLAGS=-mcpu=cortex-a9 -mfpu=vfpv3 -mfloat-abi=hard -nostartfiles -Wall -Wextra"
Running Make include in ps7_cortexa9_0/libsrc/ddrps_v1_0/src
make -C ps7_cortexa9_0/libsrc/ddrps_v1_0/src -s include  "SHELL=/bin/sh" "COMPILER=arm-none-eabi-gcc" "ARCHIVER=arm-none-eabi-ar" "COMPILER_FLAGS=  -O2 -c" "EXTRA_COMPILER_FLAGS=-mcpu=cortex-a9 -mfpu=vfpv3 -mfloat-abi=hard -nostartfiles -Wall -Wextra"
Running Make include in ps7_cortexa9_0/libsrc/gpiops_v3_2/src
make -C ps7_cortexa9_0/libsrc/gpiops_v3_2/src -s include  "SHELL=/bin/sh" "COMPILER=arm-none-eabi-gcc" "ARCHIVER=arm-none-eabi-ar" "COMPILER_FLAGS=  -O2 -c" "EXTRA_COMPILER_FLAGS=-mcpu=cortex-a9 -mfpu=vfpv3 -mfloat-abi=hard -nostartfiles -Wall -Wextra"
Running Make include in ps7_cortexa9_0/libsrc/standalone_v6_2/src
make -C ps7_cortexa9_0/libsrc/standalone_v6_2/src -s include  "SHELL=/bin/sh" "COMPILER=arm-none-eabi-gcc" "ARCHIVER=arm-none-eabi-ar" "COMPILER_FLAGS=  -O2 -c" "EXTRA_COMPILER_FLAGS=-mcpu=cortex-a9 -mfpu=vfpv3 -mfloat-abi=hard -nostartfiles -Wall -Wextra"
Running Make include in ps7_cortexa9_0/libsrc/cpu_cortexa9_v2_4/src
make -C ps7_cortexa9_0/libsrc/cpu_cortexa9_v2_4/src -s include  "SHELL=/bin/sh" "COMPILER=arm-none-eabi-gcc" "ARCHIVER=arm-none-eabi-ar" "COMPILER_FLAGS=  -O2 -c" "EXTRA_COMPILER_FLAGS=-mcpu=cortex-a9 -mfpu=vfpv3 -mfloat-abi=hard -nostartfiles -Wall -Wextra"
Running Make include in ps7_cortexa9_0/libsrc/ttcps_v3_3/src
make -C ps7_cortexa9_0/libsrc/ttcps_v3_3/src -s include  "SHELL=/bin/sh" "COMPILER=arm-none-eabi-gcc" "ARCHIVER=arm-none-eabi-ar" "COMPILER_FLAGS=  -O2 -c" "EXTRA_COMPILER_FLAGS=-mcpu=cortex-a9 -mfpu=vfpv3 -mfloat-abi=hard -nostartfiles -Wall -Wextra"
Running Make include in ps7_cortexa9_0/libsrc/mem_hw_v1_0/src
make -C ps7_cortexa9_0/libsrc/mem_hw_v1_0/src -s include  "SHELL=/bin/sh" "COMPILER=arm-none-eabi-gcc" "ARCHIVER=arm-none-eabi-ar" "COMPILER_FLAGS=  -O2 -c" "EXTRA_COMPILER_FLAGS=-mcpu=cortex-a9 -mfpu=vfpv3 -mfloat-abi=hard -nostartfiles -Wall -Wextra"
Running Make include in ps7_cortexa9_0/libsrc/emacps_v3_4/src
make -C ps7_cortexa9_0/libsrc/emacps_v3_4/src -s include  "SHELL=/bin/sh" "COMPILER=arm-none-eabi-gcc" "ARCHIVER=arm-none-eabi-ar" "COMPILER_FLAGS=  -O2 -c" "EXTRA_COMPILER_FLAGS=-mcpu=cortex-a9 -mfpu=vfpv3 -mfloat-abi=hard -nostartfiles -Wall -Wextra"
Running Make include in ps7_cortexa9_0/libsrc/axidma_v9_3/src
make -C ps7_cortexa9_0/libsrc/axidma_v9_3/src -s include  "SHELL=/bin/sh" "COMPILER=arm-none-eabi-gcc" "ARCHIVER=arm-none-eabi-ar" "COMPILER_FLAGS=  -O2 -c" "EXTRA_COMPILER_FLAGS=-mcpu=cortex-a9 -mfpu=vfpv3 -mfloat-abi=hard -nostartfiles -Wall -Wextra"
Running Make include in ps7_cortexa9_0/libsrc/canps_v3_2/src
make -C ps7_cortexa9_0/libsrc/canps_v3_2/src -s include  "SHELL=/bin/sh" "COMPILER=arm-none-eabi-gcc" "ARCHIVER=arm-none-eabi-ar" "COMPILER_FLAGS=  -O2 -c" "EXTRA_COMPILER_FLAGS=-mcpu=cortex-a9 -mfpu=vfpv3 -mfloat-abi=hard -nostartfiles -Wall -Wextra"
Running Make include in ps7_cortexa9_0/libsrc/xadcps_v2_2/src
make -C ps7_cortexa9_0/libsrc/xadcps_v2_2/src -s include  "SHELL=/bin/sh" "COMPILER=arm-none-eabi-gcc" "ARCHIVER=arm-none-eabi-ar" "COMPILER_FLAGS=  -O2 -c" "EXTRA_COMPILER_FLAGS=-mcpu=cortex-a9 -mfpu=vfpv3 -mfloat-abi=hard -nostartfiles -Wall -Wextra"
Running Make include in ps7_cortexa9_0/libsrc/devcfg_v3_4/src
make -C ps7_cortexa9_0/libsrc/devcfg_v3_4/src -s include  "SHELL=/bin/sh" "COMPILER=arm-none-eabi-gcc" "ARCHIVER=arm-none-eabi-ar" "COMPILER_FLAGS=  -O2 -c" "EXTRA_COMPILER_FLAGS=-mcpu=cortex-a9 -mfpu=vfpv3 -mfloat-abi=hard -nostartfiles -Wall -Wextra"
Running Make include in ps7_cortexa9_0/libsrc/sdps_v3_2/src
make -C ps7_cortexa9_0/libsrc/sdps_v3_2/src -s include  "SHELL=/bin/sh" "COMPILER=arm-none-eabi-gcc" "ARCHIVER=arm-none-eabi-ar" "COMPILER_FLAGS=  -O2 -c" "EXTRA_COMPILER_FLAGS=-mcpu=cortex-a9 -mfpu=vfpv3 -mfloat-abi=hard -nostartfiles -Wall -Wextra"
Running Make include in ps7_cortexa9_0/libsrc/iicps_v3_5/src
make -C ps7_cortexa9_0/libsrc/iicps_v3_5/src -s include  "SHELL=/bin/sh" "COMPILER=arm-none-eabi-gcc" "ARCHIVER=arm-none-eabi-ar" "COMPILER_FLAGS=  -O2 -c" "EXTRA_COMPILER_FLAGS=-mcpu=cortex-a9 -mfpu=vfpv3 -mfloat-abi=hard -nostartfiles -Wall -Wextra"
Running Make include in ps7_cortexa9_0/libsrc/scuwdt_v2_1/src
make -C ps7_cortexa9_0/libsrc/scuwdt_v2_1/src -s include  "SHELL=/bin/sh" "COMPILER=arm-none-eabi-gcc" "ARCHIVER=arm-none-eabi-ar" "COMPILER_FLAGS=  -O2 -c" "EXTRA_COMPILER_FLAGS=-mcpu=cortex-a9 -mfpu=vfpv3 -mfloat-abi=hard -nostartfiles -Wall -Wextra"
Running Make include in ps7_cortexa9_0/libsrc/scugic_v3_6/src
make -C ps7_cortexa9_0/libsrc/scugic_v3_6/src -s include  "SHELL=/bin/sh" "COMPILER=arm-none-eabi-gcc" "ARCHIVER=arm-none-eabi-ar" "COMPILER_FLAGS=  -O2 -c" "EXTRA_COMPILER_FLAGS=-mcpu=cortex-a9 -mfpu=vfpv3 -mfloat-abi=hard -nostartfiles -Wall -Wextra"
Running Make include in ps7_cortexa9_0/libsrc/uartps_v3_4/src
make -C ps7_cortexa9_0/libsrc/uartps_v3_4/src -s include  "SHELL=/bin/sh" "COMPILER=arm-none-eabi-gcc" "ARCHIVER=arm-none-eabi-ar" "COMPILER_FLAGS=  -O2 -c" "EXTRA_COMPILER_FLAGS=-mcpu=cortex-a9 -mfpu=vfpv3 -mfloat-abi=hard -nostartfiles -Wall -Wextra"
Running Make include in ps7_cortexa9_0/libsrc/usbps_v2_4/src
make -C ps7_cortexa9_0/libsrc/usbps_v2_4/src -s include  "SHELL=/bin/sh" "COMPILER=arm-none-eabi-gcc" "ARCHIVER=arm-none-eabi-ar" "COMPILER_FLAGS=  -O2 -c" "EXTRA_COMPILER_FLAGS=-mcpu=cortex-a9 -mfpu=vfpv3 -mfloat-abi=hard -nostartfiles -Wall -Wextra"
Running Make include in ps7_cortexa9_0/libsrc/coresightps_dcc_v1_4/src
make -C ps7_cortexa9_0/libsrc/coresightps_dcc_v1_4/src -s include  "SHELL=/bin/sh" "COMPILER=arm-none-eabi-gcc" "ARCHIVER=arm-none-eabi-ar" "COMPILER_FLAGS=  -O2 -c" "EXTRA_COMPILER_FLAGS=-mcpu=cortex-a9 -mfpu=vfpv3 -mfloat-abi=hard -nostartfiles -Wall -Wextra"
Running Make include in ps7_cortexa9_0/libsrc/tmrctr_v4_3/src
make -C ps7_cortexa9_0/libsrc/tmrctr_v4_3/src -s include  "SHELL=/bin/sh" "COMPILER=arm-none-eabi-gcc" "ARCHIVER=arm-none-eabi-ar" "COMPILER_FLAGS=  -O2 -c" "EXTRA_COMPILER_FLAGS=-mcpu=cortex-a9 -mfpu=vfpv3 -mfloat-abi=hard -nostartfiles -Wall -Wextra"
Running Make include in ps7_cortexa9_0/libsrc/scutimer_v2_1/src
make -C ps7_cortexa9_0/libsrc/scutimer_v2_1/src -s include  "SHELL=/bin/sh" "COMPILER=arm-none-eabi-gcc" "ARCHIVER=arm-none-eabi-ar" "COMPILER_FLAGS=  -O2 -c" "EXTRA_COMPILER_FLAGS=-mcpu=cortex-a9 -mfpu=vfpv3 -mfloat-abi=hard -nostartfiles -Wall -Wextra"
Running Make libs in ps7_cortexa9_0/libsrc/qspips_v3_3/src
make -C ps7_cortexa9_0/libsrc/qspips_v3_3/src -s libs  "SHELL=/bin/sh" "COMPILER=arm-none-eabi-gcc" "ARCHIVER=arm-none-eabi-ar" "COMPILER_FLAGS=  -O2 -c" "EXTRA_COMPILER_FLAGS=-mcpu=cortex-a9 -mfpu=vfpv3 -mfloat-abi=hard -nostartfiles -Wall -Wextra"
Compiling qspips
arm-none-eabi-ar: creating ../../../lib/libxil.a
Running Make libs in ps7_cortexa9_0/libsrc/dmaps_v2_3/src
make -C ps7_cortexa9_0/libsrc/dmaps_v2_3/src -s libs  "SHELL=/bin/sh" "COMPILER=arm-none-eabi-gcc" "ARCHIVER=arm-none-eabi-ar" "COMPILER_FLAGS=  -O2 -c" "EXTRA_COMPILER_FLAGS=-mcpu=cortex-a9 -mfpu=vfpv3 -mfloat-abi=hard -nostartfiles -Wall -Wextra"
Compiling dmaps
Running Make libs in ps7_cortexa9_0/libsrc/ddrps_v1_0/src
make -C ps7_cortexa9_0/libsrc/ddrps_v1_0/src -s libs  "SHELL=/bin/sh" "COMPILER=arm-none-eabi-gcc" "ARCHIVER=arm-none-eabi-ar" "COMPILER_FLAGS=  -O2 -c" "EXTRA_COMPILER_FLAGS=-mcpu=cortex-a9 -mfpu=vfpv3 -mfloat-abi=hard -nostartfiles -Wall -Wextra"
Compiling ddrps
Running Make libs in ps7_cortexa9_0/libsrc/gpiops_v3_2/src
make -C ps7_cortexa9_0/libsrc/gpiops_v3_2/src -s libs  "SHELL=/bin/sh" "COMPILER=arm-none-eabi-gcc" "ARCHIVER=arm-none-eabi-ar" "COMPILER_FLAGS=  -O2 -c" "EXTRA_COMPILER_FLAGS=-mcpu=cortex-a9 -mfpu=vfpv3 -mfloat-abi=hard -nostartfiles -Wall -Wextra"
Compiling gpiops
Running Make libs in ps7_cortexa9_0/libsrc/standalone_v6_2/src
make -C ps7_cortexa9_0/libsrc/standalone_v6_2/src -s libs  "SHELL=/bin/sh" "COMPILER=arm-none-eabi-gcc" "ARCHIVER=arm-none-eabi-ar" "COMPILER_FLAGS=  -O2 -c" "EXTRA_COMPILER_FLAGS=-mcpu=cortex-a9 -mfpu=vfpv3 -mfloat-abi=hard -nostartfiles -Wall -Wextra"
Compiling standalone
Running Make libs in ps7_cortexa9_0/libsrc/cpu_cortexa9_v2_4/src
make -C ps7_cortexa9_0/libsrc/cpu_cortexa9_v2_4/src -s libs  "SHELL=/bin/sh" "COMPILER=arm-none-eabi-gcc" "ARCHIVER=arm-none-eabi-ar" "COMPILER_FLAGS=  -O2 -c" "EXTRA_COMPILER_FLAGS=-mcpu=cortex-a9 -mfpu=vfpv3 -mfloat-abi=hard -nostartfiles -Wall -Wextra"
Compiling cpu_cortexa9
Running Make libs in ps7_cortexa9_0/libsrc/ttcps_v3_3/src
make -C ps7_cortexa9_0/libsrc/ttcps_v3_3/src -s libs  "SHELL=/bin/sh" "COMPILER=arm-none-eabi-gcc" "ARCHIVER=arm-none-eabi-ar" "COMPILER_FLAGS=  -O2 -c" "EXTRA_COMPILER_FLAGS=-mcpu=cortex-a9 -mfpu=vfpv3 -mfloat-abi=hard -nostartfiles -Wall -Wextra"
Compiling ttcps
Running Make libs in ps7_cortexa9_0/libsrc/mem_hw_v1_0/src
make -C ps7_cortexa9_0/libsrc/mem_hw_v1_0/src -s libs  "SHELL=/bin/sh" "COMPILER=arm-none-eabi-gcc" "ARCHIVER=arm-none-eabi-ar" "COMPILER_FLAGS=  -O2 -c" "EXTRA_COMPILER_FLAGS=-mcpu=cortex-a9 -mfpu=vfpv3 -mfloat-abi=hard -nostartfiles -Wall -Wextra"
Compiling mem_hw
Running Make libs in ps7_cortexa9_0/libsrc/emacps_v3_4/src
make -C ps7_cortexa9_0/libsrc/emacps_v3_4/src -s libs  "SHELL=/bin/sh" "COMPILER=arm-none-eabi-gcc" "ARCHIVER=arm-none-eabi-ar" "COMPILER_FLAGS=  -O2 -c" "EXTRA_COMPILER_FLAGS=-mcpu=cortex-a9 -mfpu=vfpv3 -mfloat-abi=hard -nostartfiles -Wall -Wextra"
Compiling emacps
Running Make libs in ps7_cortexa9_0/libsrc/axidma_v9_3/src
make -C ps7_cortexa9_0/libsrc/axidma_v9_3/src -s libs  "SHELL=/bin/sh" "COMPILER=arm-none-eabi-gcc" "ARCHIVER=arm-none-eabi-ar" "COMPILER_FLAGS=  -O2 -c" "EXTRA_COMPILER_FLAGS=-mcpu=cortex-a9 -mfpu=vfpv3 -mfloat-abi=hard -nostartfiles -Wall -Wextra"
Compiling axidma
Running Make libs in ps7_cortexa9_0/libsrc/canps_v3_2/src
make -C ps7_cortexa9_0/libsrc/canps_v3_2/src -s libs  "SHELL=/bin/sh" "COMPILER=arm-none-eabi-gcc" "ARCHIVER=arm-none-eabi-ar" "COMPILER_FLAGS=  -O2 -c" "EXTRA_COMPILER_FLAGS=-mcpu=cortex-a9 -mfpu=vfpv3 -mfloat-abi=hard -nostartfiles -Wall -Wextra"
Compiling canps
Running Make libs in ps7_cortexa9_0/libsrc/xadcps_v2_2/src
make -C ps7_cortexa9_0/libsrc/xadcps_v2_2/src -s libs  "SHELL=/bin/sh" "COMPILER=arm-none-eabi-gcc" "ARCHIVER=arm-none-eabi-ar" "COMPILER_FLAGS=  -O2 -c" "EXTRA_COMPILER_FLAGS=-mcpu=cortex-a9 -mfpu=vfpv3 -mfloat-abi=hard -nostartfiles -Wall -Wextra"
Compiling xadcps
Running Make libs in ps7_cortexa9_0/libsrc/devcfg_v3_4/src
make -C ps7_cortexa9_0/libsrc/devcfg_v3_4/src -s libs  "SHELL=/bin/sh" "COMPILER=arm-none-eabi-gcc" "ARCHIVER=arm-none-eabi-ar" "COMPILER_FLAGS=  -O2 -c" "EXTRA_COMPILER_FLAGS=-mcpu=cortex-a9 -mfpu=vfpv3 -mfloat-abi=hard -nostartfiles -Wall -Wextra"
Compiling devcfg
Running Make libs in ps7_cortexa9_0/libsrc/sdps_v3_2/src
make -C ps7_cortexa9_0/libsrc/sdps_v3_2/src -s libs  "SHELL=/bin/sh" "COMPILER=arm-none-eabi-gcc" "ARCHIVER=arm-none-eabi-ar" "COMPILER_FLAGS=  -O2 -c" "EXTRA_COMPILER_FLAGS=-mcpu=cortex-a9 -mfpu=vfpv3 -mfloat-abi=hard -nostartfiles -Wall -Wextra"
Compiling sdps
Running Make libs in ps7_cortexa9_0/libsrc/iicps_v3_5/src
make -C ps7_cortexa9_0/libsrc/iicps_v3_5/src -s libs  "SHELL=/bin/sh" "COMPILER=arm-none-eabi-gcc" "ARCHIVER=arm-none-eabi-ar" "COMPILER_FLAGS=  -O2 -c" "EXTRA_COMPILER_FLAGS=-mcpu=cortex-a9 -mfpu=vfpv3 -mfloat-abi=hard -nostartfiles -Wall -Wextra"
Compiling iicps
Running Make libs in ps7_cortexa9_0/libsrc/scuwdt_v2_1/src
make -C ps7_cortexa9_0/libsrc/scuwdt_v2_1/src -s libs  "SHELL=/bin/sh" "COMPILER=arm-none-eabi-gcc" "ARCHIVER=arm-none-eabi-ar" "COMPILER_FLAGS=  -O2 -c" "EXTRA_COMPILER_FLAGS=-mcpu=cortex-a9 -mfpu=vfpv3 -mfloat-abi=hard -nostartfiles -Wall -Wextra"
Compiling scuwdt
Running Make libs in ps7_cortexa9_0/libsrc/scugic_v3_6/src
make -C ps7_cortexa9_0/libsrc/scugic_v3_6/src -s libs  "SHELL=/bin/sh" "COMPILER=arm-none-eabi-gcc" "ARCHIVER=arm-none-eabi-ar" "COMPILER_FLAGS=  -O2 -c" "EXTRA_COMPILER_FLAGS=-mcpu=cortex-a9 -mfpu=vfpv3 -mfloat-abi=hard -nostartfiles -Wall -Wextra"
Compiling scugic
xscugic_g.c:53:2: warning: missing initializer for field 'HandlerTable' of 'XScuGic_Config {aka struct <anonymous>}' [-Wmissing-field-initializers]
  }
  ^
In file included from xscugic_g.c:41:0:
xscugic.h:217:27: note: 'HandlerTable' declared here
  XScuGic_VectorTableEntry HandlerTable[XSCUGIC_MAX_NUM_INTR_INPUTS];/**<
                           ^~~~~~~~~~~~
Running Make libs in ps7_cortexa9_0/libsrc/uartps_v3_4/src
make -C ps7_cortexa9_0/libsrc/uartps_v3_4/src -s libs  "SHELL=/bin/sh" "COMPILER=arm-none-eabi-gcc" "ARCHIVER=arm-none-eabi-ar" "COMPILER_FLAGS=  -O2 -c" "EXTRA_COMPILER_FLAGS=-mcpu=cortex-a9 -mfpu=vfpv3 -mfloat-abi=hard -nostartfiles -Wall -Wextra"
Compiling uartps
Running Make libs in ps7_cortexa9_0/libsrc/usbps_v2_4/src
make -C ps7_cortexa9_0/libsrc/usbps_v2_4/src -s libs  "SHELL=/bin/sh" "COMPILER=arm-none-eabi-gcc" "ARCHIVER=arm-none-eabi-ar" "COMPILER_FLAGS=  -O2 -c" "EXTRA_COMPILER_FLAGS=-mcpu=cortex-a9 -mfpu=vfpv3 -mfloat-abi=hard -nostartfiles -Wall -Wextra"
Compiling usbps
Running Make libs in ps7_cortexa9_0/libsrc/coresightps_dcc_v1_4/src
make -C ps7_cortexa9_0/libsrc/coresightps_dcc_v1_4/src -s libs  "SHELL=/bin/sh" "COMPILER=arm-none-eabi-gcc" "ARCHIVER=arm-none-eabi-ar" "COMPILER_FLAGS=  -O2 -c" "EXTRA_COMPILER_FLAGS=-mcpu=cortex-a9 -mfpu=vfpv3 -mfloat-abi=hard -nostartfiles -Wall -Wextra"
Compiling coresightps_dcc
Running Make libs in ps7_cortexa9_0/libsrc/tmrctr_v4_3/src
make -C ps7_cortexa9_0/libsrc/tmrctr_v4_3/src -s libs  "SHELL=/bin/sh" "COMPILER=arm-none-eabi-gcc" "ARCHIVER=arm-none-eabi-ar" "COMPILER_FLAGS=  -O2 -c" "EXTRA_COMPILER_FLAGS=-mcpu=cortex-a9 -mfpu=vfpv3 -mfloat-abi=hard -nostartfiles -Wall -Wextra"
Compiling tmrctr
Running Make libs in ps7_cortexa9_0/libsrc/scutimer_v2_1/src
make -C ps7_cortexa9_0/libsrc/scutimer_v2_1/src -s libs  "SHELL=/bin/sh" "COMPILER=arm-none-eabi-gcc" "ARCHIVER=arm-none-eabi-ar" "COMPILER_FLAGS=  -O2 -c" "EXTRA_COMPILER_FLAGS=-mcpu=cortex-a9 -mfpu=vfpv3 -mfloat-abi=hard -nostartfiles -Wall -Wextra"
Compiling scutimer
Finished building libraries
12:00:16 **** Build of configuration Debug for project test ****
make pre-build main-build 
a9-linaro-pre-build-step
 
Building file: ../src/helloworld.c
Invoking: ARM v7 gcc compiler
arm-none-eabi-gcc -Wall -O0 -g3 -c -fmessage-length=0 -MT"src/helloworld.o" -mcpu=cortex-a9 -mfpu=vfpv3 -mfloat-abi=hard -I../../test_bsp/ps7_cortexa9_0/include -MMD -MP -MF"src/helloworld.d" -MT"src/helloworld.o" -o "src/helloworld.o" "../src/helloworld.c"
Finished building: ../src/helloworld.c
 
Building file: ../src/platform.c
Invoking: ARM v7 gcc compiler
arm-none-eabi-gcc -Wall -O0 -g3 -c -fmessage-length=0 -MT"src/platform.o" -mcpu=cortex-a9 -mfpu=vfpv3 -mfloat-abi=hard -I../../test_bsp/ps7_cortexa9_0/include -MMD -MP -MF"src/platform.d" -MT"src/platform.o" -o "src/platform.o" "../src/platform.c"
Finished building: ../src/platform.c
 
Building target: test.elf
Invoking: ARM v7 gcc linker
arm-none-eabi-gcc -mcpu=cortex-a9 -mfpu=vfpv3 -mfloat-abi=hard -Wl,-build-id=none -specs=Xilinx.spec -Wl,-T -Wl,../src/lscript.ld -L../../test_bsp/ps7_cortexa9_0/lib -o "test.elf"  ./src/helloworld.o ./src/platform.o   -Wl,--start-group,-lxil,-lgcc,-lc,--end-group
Finished building target: test.elf
 
Invoking: ARM v7 Print Size
arm-none-eabi-size test.elf  |tee "test.elf.size"
   text	   data	    bss	    dec	    hex	filename
  22328	   1148	  22568	  46044	   b3dc	test.elf
Finished building: test.elf.size
 
12:00:18 **** Auto Build of configuration Debug for project test ****
make pre-build main-build 
a9-linaro-pre-build-step
 
make: Nothing to be done for 'main-build'.
12:01:40 **** Auto Build of configuration Debug for project test ****
make pre-build main-build 
a9-linaro-pre-build-step
 
Building file: ../src/interrupt.c
Invoking: ARM v7 gcc compiler
arm-none-eabi-gcc -Wall -O0 -g3 -c -fmessage-length=0 -MT"src/interrupt.o" -mcpu=cortex-a9 -mfpu=vfpv3 -mfloat-abi=hard -I../../test_bsp/ps7_cortexa9_0/include -MMD -MP -MF"src/interrupt.d" -MT"src/interrupt.o" -o "src/interrupt.o" "../src/interrupt.c"
Finished building: ../src/interrupt.c
 
Building file: ../src/mem_test.c
Invoking: ARM v7 gcc compiler
arm-none-eabi-gcc -Wall -O0 -g3 -c -fmessage-length=0 -MT"src/mem_test.o" -mcpu=cortex-a9 -mfpu=vfpv3 -mfloat-abi=hard -I../../test_bsp/ps7_cortexa9_0/include -MMD -MP -MF"src/mem_test.d" -MT"src/mem_test.o" -o "src/mem_test.o" "../src/mem_test.c"
../src/mem_test.c: In function 'init_dma_intr':
../src/mem_test.c:562:17: error: 'XPAR_FABRIC_AXIDMA_0_MM2S_INTROUT_VEC_ID' undeclared (first use in this function)
   vec_mm2s_id = XPAR_FABRIC_AXIDMA_0_MM2S_INTROUT_VEC_ID;
                 ^~~~~~~~~~~~~~~~~~~~~~~~~~~~~~~~~~~~~~~~
../src/mem_test.c:562:17: note: each undeclared identifier is reported only once for each function it appears in
../src/mem_test.c:563:17: error: 'XPAR_FABRIC_AXIDMA_0_S2MM_INTROUT_VEC_ID' undeclared (first use in this function)
   vec_s2mm_id = XPAR_FABRIC_AXIDMA_0_S2MM_INTROUT_VEC_ID;
                 ^~~~~~~~~~~~~~~~~~~~~~~~~~~~~~~~~~~~~~~~
../src/mem_test.c:570:17: error: 'XPAR_FABRIC_AXIDMA_1_MM2S_INTROUT_VEC_ID' undeclared (first use in this function)
   vec_mm2s_id = XPAR_FABRIC_AXIDMA_1_MM2S_INTROUT_VEC_ID;
                 ^~~~~~~~~~~~~~~~~~~~~~~~~~~~~~~~~~~~~~~~
../src/mem_test.c:571:17: error: 'XPAR_FABRIC_AXIDMA_1_S2MM_INTROUT_VEC_ID' undeclared (first use in this function)
   vec_s2mm_id = XPAR_FABRIC_AXIDMA_1_S2MM_INTROUT_VEC_ID;
                 ^~~~~~~~~~~~~~~~~~~~~~~~~~~~~~~~~~~~~~~~
../src/mem_test.c:578:17: error: 'XPAR_FABRIC_AXIDMA_2_MM2S_INTROUT_VEC_ID' undeclared (first use in this function)
   vec_mm2s_id = XPAR_FABRIC_AXIDMA_2_MM2S_INTROUT_VEC_ID;
                 ^~~~~~~~~~~~~~~~~~~~~~~~~~~~~~~~~~~~~~~~
../src/mem_test.c:579:17: error: 'XPAR_FABRIC_AXIDMA_2_S2MM_INTROUT_VEC_ID' undeclared (first use in this function)
   vec_s2mm_id = XPAR_FABRIC_AXIDMA_2_S2MM_INTROUT_VEC_ID;
                 ^~~~~~~~~~~~~~~~~~~~~~~~~~~~~~~~~~~~~~~~
../src/mem_test.c:586:17: error: 'XPAR_FABRIC_AXIDMA_3_MM2S_INTROUT_VEC_ID' undeclared (first use in this function)
   vec_mm2s_id = XPAR_FABRIC_AXIDMA_3_MM2S_INTROUT_VEC_ID;
                 ^~~~~~~~~~~~~~~~~~~~~~~~~~~~~~~~~~~~~~~~
../src/mem_test.c:587:17: error: 'XPAR_FABRIC_AXIDMA_3_S2MM_INTROUT_VEC_ID' undeclared (first use in this function)
   vec_s2mm_id = XPAR_FABRIC_AXIDMA_3_S2MM_INTROUT_VEC_ID;
                 ^~~~~~~~~~~~~~~~~~~~~~~~~~~~~~~~~~~~~~~~
../src/mem_test.c: In function 'deviceScript':
../src/mem_test.c:1357:2: warning: implicit declaration of function 'printf' [-Wimplicit-function-declaration]
  printf("VccInt \t\t: power= %f (mean), %f (var)\t | voltage= %f (mean), %f (var)\t | current= %f (mean), %f (var)\n\r", res[0][2][0],res[0][2][1],res[0][0][0],res[0][0][1],res[0][1][0],res[0][1][1]);
  ^~~~~~
../src/mem_test.c:1357:2: warning: incompatible implicit declaration of built-in function 'printf'
../src/mem_test.c:1357:2: note: include '<stdio.h>' or provide a declaration of 'printf'
../src/mem_test.c:1314:6: warning: variable 'size' set but not used [-Wunused-but-set-variable]
  int size[10];
      ^~~~
../src/mem_test.c: In function 'deviceScriptStatic':
../src/mem_test.c:1436:2: warning: incompatible implicit declaration of built-in function 'printf'
  printf("VccInt \t\t: power= %f (mean), %f (var)\t | voltage= %f (mean), %f (var)\t | current= %f (mean), %f (var)\n\r", res[0][2][0],res[0][2][1],res[0][0][0],res[0][0][1],res[0][1][0],res[0][1][1]);
  ^~~~~~
../src/mem_test.c:1436:2: note: include '<stdio.h>' or provide a declaration of 'printf'
../src/mem_test.c:1393:6: warning: variable 'size' set but not used [-Wunused-but-set-variable]
  int size[10];
      ^~~~
src/subdir.mk:36: recipe for target 'src/mem_test.o' failed
make: *** [src/mem_test.o] Error 1
12:02:47 **** Incremental Build of configuration Debug for project test ****
make pre-build main-build 
a9-linaro-pre-build-step
 
Building file: ../src/mem_test.c
Invoking: ARM v7 gcc compiler
arm-none-eabi-gcc -Wall -O0 -g3 -c -fmessage-length=0 -MT"src/mem_test.o" -mcpu=cortex-a9 -mfpu=vfpv3 -mfloat-abi=hard -I../../test_bsp/ps7_cortexa9_0/include -MMD -MP -MF"src/mem_test.d" -MT"src/mem_test.o" -o "src/mem_test.o" "../src/mem_test.c"
../src/mem_test.c: In function 'init_dma_intr':
../src/mem_test.c:562:17: error: 'XPAR_FABRIC_AXIDMA_0_MM2S_INTROUT_VEC_ID' undeclared (first use in this function)
   vec_mm2s_id = XPAR_FABRIC_AXIDMA_0_MM2S_INTROUT_VEC_ID;
                 ^~~~~~~~~~~~~~~~~~~~~~~~~~~~~~~~~~~~~~~~
../src/mem_test.c:562:17: note: each undeclared identifier is reported only once for each function it appears in
../src/mem_test.c:563:17: error: 'XPAR_FABRIC_AXIDMA_0_S2MM_INTROUT_VEC_ID' undeclared (first use in this function)
   vec_s2mm_id = XPAR_FABRIC_AXIDMA_0_S2MM_INTROUT_VEC_ID;
                 ^~~~~~~~~~~~~~~~~~~~~~~~~~~~~~~~~~~~~~~~
../src/mem_test.c:570:17: error: 'XPAR_FABRIC_AXIDMA_1_MM2S_INTROUT_VEC_ID' undeclared (first use in this function)
   vec_mm2s_id = XPAR_FABRIC_AXIDMA_1_MM2S_INTROUT_VEC_ID;
                 ^~~~~~~~~~~~~~~~~~~~~~~~~~~~~~~~~~~~~~~~
../src/mem_test.c:571:17: error: 'XPAR_FABRIC_AXIDMA_1_S2MM_INTROUT_VEC_ID' undeclared (first use in this function)
   vec_s2mm_id = XPAR_FABRIC_AXIDMA_1_S2MM_INTROUT_VEC_ID;
                 ^~~~~~~~~~~~~~~~~~~~~~~~~~~~~~~~~~~~~~~~
../src/mem_test.c:578:17: error: 'XPAR_FABRIC_AXIDMA_2_MM2S_INTROUT_VEC_ID' undeclared (first use in this function)
   vec_mm2s_id = XPAR_FABRIC_AXIDMA_2_MM2S_INTROUT_VEC_ID;
                 ^~~~~~~~~~~~~~~~~~~~~~~~~~~~~~~~~~~~~~~~
../src/mem_test.c:579:17: error: 'XPAR_FABRIC_AXIDMA_2_S2MM_INTROUT_VEC_ID' undeclared (first use in this function)
   vec_s2mm_id = XPAR_FABRIC_AXIDMA_2_S2MM_INTROUT_VEC_ID;
                 ^~~~~~~~~~~~~~~~~~~~~~~~~~~~~~~~~~~~~~~~
../src/mem_test.c:586:17: error: 'XPAR_FABRIC_AXIDMA_3_MM2S_INTROUT_VEC_ID' undeclared (first use in this function)
   vec_mm2s_id = XPAR_FABRIC_AXIDMA_3_MM2S_INTROUT_VEC_ID;
                 ^~~~~~~~~~~~~~~~~~~~~~~~~~~~~~~~~~~~~~~~
../src/mem_test.c:587:17: error: 'XPAR_FABRIC_AXIDMA_3_S2MM_INTROUT_VEC_ID' undeclared (first use in this function)
   vec_s2mm_id = XPAR_FABRIC_AXIDMA_3_S2MM_INTROUT_VEC_ID;
                 ^~~~~~~~~~~~~~~~~~~~~~~~~~~~~~~~~~~~~~~~
../src/mem_test.c: In function 'deviceScript':
../src/mem_test.c:1357:2: warning: implicit declaration of function 'printf' [-Wimplicit-function-declaration]
  printf("VccInt \t\t: power= %f (mean), %f (var)\t | voltage= %f (mean), %f (var)\t | current= %f (mean), %f (var)\n\r", res[0][2][0],res[0][2][1],res[0][0][0],res[0][0][1],res[0][1][0],res[0][1][1]);
  ^~~~~~
../src/mem_test.c:1357:2: warning: incompatible implicit declaration of built-in function 'printf'
../src/mem_test.c:1357:2: note: include '<stdio.h>' or provide a declaration of 'printf'
../src/mem_test.c:1314:6: warning: variable 'size' set but not used [-Wunused-but-set-variable]
  int size[10];
      ^~~~
../src/mem_test.c: In function 'deviceScriptStatic':
../src/mem_test.c:1436:2: warning: incompatible implicit declaration of built-in function 'printf'
  printf("VccInt \t\t: power= %f (mean), %f (var)\t | voltage= %f (mean), %f (var)\t | current= %f (mean), %f (var)\n\r", res[0][2][0],res[0][2][1],res[0][0][0],res[0][0][1],res[0][1][0],res[0][1][1]);
  ^~~~~~
../src/mem_test.c:1436:2: note: include '<stdio.h>' or provide a declaration of 'printf'
../src/mem_test.c:1393:6: warning: variable 'size' set but not used [-Wunused-but-set-variable]
  int size[10];
      ^~~~
src/subdir.mk:36: recipe for target 'src/mem_test.o' failed
make: *** [src/mem_test.o] Error 1
12:02:54 **** Auto Build of project test_bsp ****
make -k all 
Running Make include in ps7_cortexa9_0/libsrc/qspips_v3_3/src
make -C ps7_cortexa9_0/libsrc/qspips_v3_3/src -s include  "SHELL=/bin/sh" "COMPILER=arm-none-eabi-gcc" "ARCHIVER=arm-none-eabi-ar" "COMPILER_FLAGS=  -O2 -c" "EXTRA_COMPILER_FLAGS=-mcpu=cortex-a9 -mfpu=vfpv3 -mfloat-abi=hard -nostartfiles -Wall -Wextra"
Running Make include in ps7_cortexa9_0/libsrc/dmaps_v2_3/src
make -C ps7_cortexa9_0/libsrc/dmaps_v2_3/src -s include  "SHELL=/bin/sh" "COMPILER=arm-none-eabi-gcc" "ARCHIVER=arm-none-eabi-ar" "COMPILER_FLAGS=  -O2 -c" "EXTRA_COMPILER_FLAGS=-mcpu=cortex-a9 -mfpu=vfpv3 -mfloat-abi=hard -nostartfiles -Wall -Wextra"
Running Make include in ps7_cortexa9_0/libsrc/ddrps_v1_0/src
make -C ps7_cortexa9_0/libsrc/ddrps_v1_0/src -s include  "SHELL=/bin/sh" "COMPILER=arm-none-eabi-gcc" "ARCHIVER=arm-none-eabi-ar" "COMPILER_FLAGS=  -O2 -c" "EXTRA_COMPILER_FLAGS=-mcpu=cortex-a9 -mfpu=vfpv3 -mfloat-abi=hard -nostartfiles -Wall -Wextra"
Running Make include in ps7_cortexa9_0/libsrc/gpiops_v3_2/src
make -C ps7_cortexa9_0/libsrc/gpiops_v3_2/src -s include  "SHELL=/bin/sh" "COMPILER=arm-none-eabi-gcc" "ARCHIVER=arm-none-eabi-ar" "COMPILER_FLAGS=  -O2 -c" "EXTRA_COMPILER_FLAGS=-mcpu=cortex-a9 -mfpu=vfpv3 -mfloat-abi=hard -nostartfiles -Wall -Wextra"
Running Make include in ps7_cortexa9_0/libsrc/standalone_v6_2/src
make -C ps7_cortexa9_0/libsrc/standalone_v6_2/src -s include  "SHELL=/bin/sh" "COMPILER=arm-none-eabi-gcc" "ARCHIVER=arm-none-eabi-ar" "COMPILER_FLAGS=  -O2 -c" "EXTRA_COMPILER_FLAGS=-mcpu=cortex-a9 -mfpu=vfpv3 -mfloat-abi=hard -nostartfiles -Wall -Wextra"
Running Make include in ps7_cortexa9_0/libsrc/cpu_cortexa9_v2_4/src
make -C ps7_cortexa9_0/libsrc/cpu_cortexa9_v2_4/src -s include  "SHELL=/bin/sh" "COMPILER=arm-none-eabi-gcc" "ARCHIVER=arm-none-eabi-ar" "COMPILER_FLAGS=  -O2 -c" "EXTRA_COMPILER_FLAGS=-mcpu=cortex-a9 -mfpu=vfpv3 -mfloat-abi=hard -nostartfiles -Wall -Wextra"
Running Make include in ps7_cortexa9_0/libsrc/ttcps_v3_3/src
make -C ps7_cortexa9_0/libsrc/ttcps_v3_3/src -s include  "SHELL=/bin/sh" "COMPILER=arm-none-eabi-gcc" "ARCHIVER=arm-none-eabi-ar" "COMPILER_FLAGS=  -O2 -c" "EXTRA_COMPILER_FLAGS=-mcpu=cortex-a9 -mfpu=vfpv3 -mfloat-abi=hard -nostartfiles -Wall -Wextra"
Running Make include in ps7_cortexa9_0/libsrc/mem_hw_v1_0/src
make -C ps7_cortexa9_0/libsrc/mem_hw_v1_0/src -s include  "SHELL=/bin/sh" "COMPILER=arm-none-eabi-gcc" "ARCHIVER=arm-none-eabi-ar" "COMPILER_FLAGS=  -O2 -c" "EXTRA_COMPILER_FLAGS=-mcpu=cortex-a9 -mfpu=vfpv3 -mfloat-abi=hard -nostartfiles -Wall -Wextra"
Running Make include in ps7_cortexa9_0/libsrc/emacps_v3_4/src
make -C ps7_cortexa9_0/libsrc/emacps_v3_4/src -s include  "SHELL=/bin/sh" "COMPILER=arm-none-eabi-gcc" "ARCHIVER=arm-none-eabi-ar" "COMPILER_FLAGS=  -O2 -c" "EXTRA_COMPILER_FLAGS=-mcpu=cortex-a9 -mfpu=vfpv3 -mfloat-abi=hard -nostartfiles -Wall -Wextra"
Running Make include in ps7_cortexa9_0/libsrc/axidma_v9_3/src
make -C ps7_cortexa9_0/libsrc/axidma_v9_3/src -s include  "SHELL=/bin/sh" "COMPILER=arm-none-eabi-gcc" "ARCHIVER=arm-none-eabi-ar" "COMPILER_FLAGS=  -O2 -c" "EXTRA_COMPILER_FLAGS=-mcpu=cortex-a9 -mfpu=vfpv3 -mfloat-abi=hard -nostartfiles -Wall -Wextra"
Running Make include in ps7_cortexa9_0/libsrc/canps_v3_2/src
make -C ps7_cortexa9_0/libsrc/canps_v3_2/src -s include  "SHELL=/bin/sh" "COMPILER=arm-none-eabi-gcc" "ARCHIVER=arm-none-eabi-ar" "COMPILER_FLAGS=  -O2 -c" "EXTRA_COMPILER_FLAGS=-mcpu=cortex-a9 -mfpu=vfpv3 -mfloat-abi=hard -nostartfiles -Wall -Wextra"
Running Make include in ps7_cortexa9_0/libsrc/xadcps_v2_2/src
make -C ps7_cortexa9_0/libsrc/xadcps_v2_2/src -s include  "SHELL=/bin/sh" "COMPILER=arm-none-eabi-gcc" "ARCHIVER=arm-none-eabi-ar" "COMPILER_FLAGS=  -O2 -c" "EXTRA_COMPILER_FLAGS=-mcpu=cortex-a9 -mfpu=vfpv3 -mfloat-abi=hard -nostartfiles -Wall -Wextra"
Running Make include in ps7_cortexa9_0/libsrc/devcfg_v3_4/src
make -C ps7_cortexa9_0/libsrc/devcfg_v3_4/src -s include  "SHELL=/bin/sh" "COMPILER=arm-none-eabi-gcc" "ARCHIVER=arm-none-eabi-ar" "COMPILER_FLAGS=  -O2 -c" "EXTRA_COMPILER_FLAGS=-mcpu=cortex-a9 -mfpu=vfpv3 -mfloat-abi=hard -nostartfiles -Wall -Wextra"
Running Make include in ps7_cortexa9_0/libsrc/sdps_v3_2/src
make -C ps7_cortexa9_0/libsrc/sdps_v3_2/src -s include  "SHELL=/bin/sh" "COMPILER=arm-none-eabi-gcc" "ARCHIVER=arm-none-eabi-ar" "COMPILER_FLAGS=  -O2 -c" "EXTRA_COMPILER_FLAGS=-mcpu=cortex-a9 -mfpu=vfpv3 -mfloat-abi=hard -nostartfiles -Wall -Wextra"
Running Make include in ps7_cortexa9_0/libsrc/iicps_v3_5/src
make -C ps7_cortexa9_0/libsrc/iicps_v3_5/src -s include  "SHELL=/bin/sh" "COMPILER=arm-none-eabi-gcc" "ARCHIVER=arm-none-eabi-ar" "COMPILER_FLAGS=  -O2 -c" "EXTRA_COMPILER_FLAGS=-mcpu=cortex-a9 -mfpu=vfpv3 -mfloat-abi=hard -nostartfiles -Wall -Wextra"
Running Make include in ps7_cortexa9_0/libsrc/scuwdt_v2_1/src
make -C ps7_cortexa9_0/libsrc/scuwdt_v2_1/src -s include  "SHELL=/bin/sh" "COMPILER=arm-none-eabi-gcc" "ARCHIVER=arm-none-eabi-ar" "COMPILER_FLAGS=  -O2 -c" "EXTRA_COMPILER_FLAGS=-mcpu=cortex-a9 -mfpu=vfpv3 -mfloat-abi=hard -nostartfiles -Wall -Wextra"
Running Make include in ps7_cortexa9_0/libsrc/scugic_v3_6/src
make -C ps7_cortexa9_0/libsrc/scugic_v3_6/src -s include  "SHELL=/bin/sh" "COMPILER=arm-none-eabi-gcc" "ARCHIVER=arm-none-eabi-ar" "COMPILER_FLAGS=  -O2 -c" "EXTRA_COMPILER_FLAGS=-mcpu=cortex-a9 -mfpu=vfpv3 -mfloat-abi=hard -nostartfiles -Wall -Wextra"
Running Make include in ps7_cortexa9_0/libsrc/uartps_v3_4/src
make -C ps7_cortexa9_0/libsrc/uartps_v3_4/src -s include  "SHELL=/bin/sh" "COMPILER=arm-none-eabi-gcc" "ARCHIVER=arm-none-eabi-ar" "COMPILER_FLAGS=  -O2 -c" "EXTRA_COMPILER_FLAGS=-mcpu=cortex-a9 -mfpu=vfpv3 -mfloat-abi=hard -nostartfiles -Wall -Wextra"
Running Make include in ps7_cortexa9_0/libsrc/usbps_v2_4/src
make -C ps7_cortexa9_0/libsrc/usbps_v2_4/src -s include  "SHELL=/bin/sh" "COMPILER=arm-none-eabi-gcc" "ARCHIVER=arm-none-eabi-ar" "COMPILER_FLAGS=  -O2 -c" "EXTRA_COMPILER_FLAGS=-mcpu=cortex-a9 -mfpu=vfpv3 -mfloat-abi=hard -nostartfiles -Wall -Wextra"
Running Make include in ps7_cortexa9_0/libsrc/coresightps_dcc_v1_4/src
make -C ps7_cortexa9_0/libsrc/coresightps_dcc_v1_4/src -s include  "SHELL=/bin/sh" "COMPILER=arm-none-eabi-gcc" "ARCHIVER=arm-none-eabi-ar" "COMPILER_FLAGS=  -O2 -c" "EXTRA_COMPILER_FLAGS=-mcpu=cortex-a9 -mfpu=vfpv3 -mfloat-abi=hard -nostartfiles -Wall -Wextra"
Running Make include in ps7_cortexa9_0/libsrc/tmrctr_v4_3/src
make -C ps7_cortexa9_0/libsrc/tmrctr_v4_3/src -s include  "SHELL=/bin/sh" "COMPILER=arm-none-eabi-gcc" "ARCHIVER=arm-none-eabi-ar" "COMPILER_FLAGS=  -O2 -c" "EXTRA_COMPILER_FLAGS=-mcpu=cortex-a9 -mfpu=vfpv3 -mfloat-abi=hard -nostartfiles -Wall -Wextra"
Running Make include in ps7_cortexa9_0/libsrc/scutimer_v2_1/src
make -C ps7_cortexa9_0/libsrc/scutimer_v2_1/src -s include  "SHELL=/bin/sh" "COMPILER=arm-none-eabi-gcc" "ARCHIVER=arm-none-eabi-ar" "COMPILER_FLAGS=  -O2 -c" "EXTRA_COMPILER_FLAGS=-mcpu=cortex-a9 -mfpu=vfpv3 -mfloat-abi=hard -nostartfiles -Wall -Wextra"
Running Make libs in ps7_cortexa9_0/libsrc/qspips_v3_3/src
make -C ps7_cortexa9_0/libsrc/qspips_v3_3/src -s libs  "SHELL=/bin/sh" "COMPILER=arm-none-eabi-gcc" "ARCHIVER=arm-none-eabi-ar" "COMPILER_FLAGS=  -O2 -c" "EXTRA_COMPILER_FLAGS=-mcpu=cortex-a9 -mfpu=vfpv3 -mfloat-abi=hard -nostartfiles -Wall -Wextra"
Compiling qspips
arm-none-eabi-ar: creating ../../../lib/libxil.a
Running Make libs in ps7_cortexa9_0/libsrc/dmaps_v2_3/src
make -C ps7_cortexa9_0/libsrc/dmaps_v2_3/src -s libs  "SHELL=/bin/sh" "COMPILER=arm-none-eabi-gcc" "ARCHIVER=arm-none-eabi-ar" "COMPILER_FLAGS=  -O2 -c" "EXTRA_COMPILER_FLAGS=-mcpu=cortex-a9 -mfpu=vfpv3 -mfloat-abi=hard -nostartfiles -Wall -Wextra"
Compiling dmaps
Running Make libs in ps7_cortexa9_0/libsrc/ddrps_v1_0/src
make -C ps7_cortexa9_0/libsrc/ddrps_v1_0/src -s libs  "SHELL=/bin/sh" "COMPILER=arm-none-eabi-gcc" "ARCHIVER=arm-none-eabi-ar" "COMPILER_FLAGS=  -O2 -c" "EXTRA_COMPILER_FLAGS=-mcpu=cortex-a9 -mfpu=vfpv3 -mfloat-abi=hard -nostartfiles -Wall -Wextra"
Compiling ddrps
Running Make libs in ps7_cortexa9_0/libsrc/gpiops_v3_2/src
make -C ps7_cortexa9_0/libsrc/gpiops_v3_2/src -s libs  "SHELL=/bin/sh" "COMPILER=arm-none-eabi-gcc" "ARCHIVER=arm-none-eabi-ar" "COMPILER_FLAGS=  -O2 -c" "EXTRA_COMPILER_FLAGS=-mcpu=cortex-a9 -mfpu=vfpv3 -mfloat-abi=hard -nostartfiles -Wall -Wextra"
Compiling gpiops
Running Make libs in ps7_cortexa9_0/libsrc/standalone_v6_2/src
make -C ps7_cortexa9_0/libsrc/standalone_v6_2/src -s libs  "SHELL=/bin/sh" "COMPILER=arm-none-eabi-gcc" "ARCHIVER=arm-none-eabi-ar" "COMPILER_FLAGS=  -O2 -c" "EXTRA_COMPILER_FLAGS=-mcpu=cortex-a9 -mfpu=vfpv3 -mfloat-abi=hard -nostartfiles -Wall -Wextra"
Compiling standalone
Running Make libs in ps7_cortexa9_0/libsrc/cpu_cortexa9_v2_4/src
make -C ps7_cortexa9_0/libsrc/cpu_cortexa9_v2_4/src -s libs  "SHELL=/bin/sh" "COMPILER=arm-none-eabi-gcc" "ARCHIVER=arm-none-eabi-ar" "COMPILER_FLAGS=  -O2 -c" "EXTRA_COMPILER_FLAGS=-mcpu=cortex-a9 -mfpu=vfpv3 -mfloat-abi=hard -nostartfiles -Wall -Wextra"
Compiling cpu_cortexa9
Running Make libs in ps7_cortexa9_0/libsrc/ttcps_v3_3/src
make -C ps7_cortexa9_0/libsrc/ttcps_v3_3/src -s libs  "SHELL=/bin/sh" "COMPILER=arm-none-eabi-gcc" "ARCHIVER=arm-none-eabi-ar" "COMPILER_FLAGS=  -O2 -c" "EXTRA_COMPILER_FLAGS=-mcpu=cortex-a9 -mfpu=vfpv3 -mfloat-abi=hard -nostartfiles -Wall -Wextra"
Compiling ttcps
Running Make libs in ps7_cortexa9_0/libsrc/mem_hw_v1_0/src
make -C ps7_cortexa9_0/libsrc/mem_hw_v1_0/src -s libs  "SHELL=/bin/sh" "COMPILER=arm-none-eabi-gcc" "ARCHIVER=arm-none-eabi-ar" "COMPILER_FLAGS=  -O2 -c" "EXTRA_COMPILER_FLAGS=-mcpu=cortex-a9 -mfpu=vfpv3 -mfloat-abi=hard -nostartfiles -Wall -Wextra"
Compiling mem_hw
Running Make libs in ps7_cortexa9_0/libsrc/emacps_v3_4/src
make -C ps7_cortexa9_0/libsrc/emacps_v3_4/src -s libs  "SHELL=/bin/sh" "COMPILER=arm-none-eabi-gcc" "ARCHIVER=arm-none-eabi-ar" "COMPILER_FLAGS=  -O2 -c" "EXTRA_COMPILER_FLAGS=-mcpu=cortex-a9 -mfpu=vfpv3 -mfloat-abi=hard -nostartfiles -Wall -Wextra"
Compiling emacps
Running Make libs in ps7_cortexa9_0/libsrc/axidma_v9_3/src
make -C ps7_cortexa9_0/libsrc/axidma_v9_3/src -s libs  "SHELL=/bin/sh" "COMPILER=arm-none-eabi-gcc" "ARCHIVER=arm-none-eabi-ar" "COMPILER_FLAGS=  -O2 -c" "EXTRA_COMPILER_FLAGS=-mcpu=cortex-a9 -mfpu=vfpv3 -mfloat-abi=hard -nostartfiles -Wall -Wextra"
Compiling axidma
Running Make libs in ps7_cortexa9_0/libsrc/canps_v3_2/src
make -C ps7_cortexa9_0/libsrc/canps_v3_2/src -s libs  "SHELL=/bin/sh" "COMPILER=arm-none-eabi-gcc" "ARCHIVER=arm-none-eabi-ar" "COMPILER_FLAGS=  -O2 -c" "EXTRA_COMPILER_FLAGS=-mcpu=cortex-a9 -mfpu=vfpv3 -mfloat-abi=hard -nostartfiles -Wall -Wextra"
Compiling canps
Running Make libs in ps7_cortexa9_0/libsrc/xadcps_v2_2/src
make -C ps7_cortexa9_0/libsrc/xadcps_v2_2/src -s libs  "SHELL=/bin/sh" "COMPILER=arm-none-eabi-gcc" "ARCHIVER=arm-none-eabi-ar" "COMPILER_FLAGS=  -O2 -c" "EXTRA_COMPILER_FLAGS=-mcpu=cortex-a9 -mfpu=vfpv3 -mfloat-abi=hard -nostartfiles -Wall -Wextra"
Compiling xadcps
Running Make libs in ps7_cortexa9_0/libsrc/devcfg_v3_4/src
make -C ps7_cortexa9_0/libsrc/devcfg_v3_4/src -s libs  "SHELL=/bin/sh" "COMPILER=arm-none-eabi-gcc" "ARCHIVER=arm-none-eabi-ar" "COMPILER_FLAGS=  -O2 -c" "EXTRA_COMPILER_FLAGS=-mcpu=cortex-a9 -mfpu=vfpv3 -mfloat-abi=hard -nostartfiles -Wall -Wextra"
Compiling devcfg
Running Make libs in ps7_cortexa9_0/libsrc/sdps_v3_2/src
make -C ps7_cortexa9_0/libsrc/sdps_v3_2/src -s libs  "SHELL=/bin/sh" "COMPILER=arm-none-eabi-gcc" "ARCHIVER=arm-none-eabi-ar" "COMPILER_FLAGS=  -O2 -c" "EXTRA_COMPILER_FLAGS=-mcpu=cortex-a9 -mfpu=vfpv3 -mfloat-abi=hard -nostartfiles -Wall -Wextra"
Compiling sdps
Running Make libs in ps7_cortexa9_0/libsrc/iicps_v3_5/src
make -C ps7_cortexa9_0/libsrc/iicps_v3_5/src -s libs  "SHELL=/bin/sh" "COMPILER=arm-none-eabi-gcc" "ARCHIVER=arm-none-eabi-ar" "COMPILER_FLAGS=  -O2 -c" "EXTRA_COMPILER_FLAGS=-mcpu=cortex-a9 -mfpu=vfpv3 -mfloat-abi=hard -nostartfiles -Wall -Wextra"
Compiling iicps
Running Make libs in ps7_cortexa9_0/libsrc/scuwdt_v2_1/src
make -C ps7_cortexa9_0/libsrc/scuwdt_v2_1/src -s libs  "SHELL=/bin/sh" "COMPILER=arm-none-eabi-gcc" "ARCHIVER=arm-none-eabi-ar" "COMPILER_FLAGS=  -O2 -c" "EXTRA_COMPILER_FLAGS=-mcpu=cortex-a9 -mfpu=vfpv3 -mfloat-abi=hard -nostartfiles -Wall -Wextra"
Compiling scuwdt
Running Make libs in ps7_cortexa9_0/libsrc/scugic_v3_6/src
make -C ps7_cortexa9_0/libsrc/scugic_v3_6/src -s libs  "SHELL=/bin/sh" "COMPILER=arm-none-eabi-gcc" "ARCHIVER=arm-none-eabi-ar" "COMPILER_FLAGS=  -O2 -c" "EXTRA_COMPILER_FLAGS=-mcpu=cortex-a9 -mfpu=vfpv3 -mfloat-abi=hard -nostartfiles -Wall -Wextra"
Compiling scugic
xscugic_g.c:53:2: warning: missing initializer for field 'HandlerTable' of 'XScuGic_Config {aka struct <anonymous>}' [-Wmissing-field-initializers]
  }
  ^
In file included from xscugic_g.c:41:0:
xscugic.h:217:27: note: 'HandlerTable' declared here
  XScuGic_VectorTableEntry HandlerTable[XSCUGIC_MAX_NUM_INTR_INPUTS];/**<
                           ^~~~~~~~~~~~
Running Make libs in ps7_cortexa9_0/libsrc/uartps_v3_4/src
make -C ps7_cortexa9_0/libsrc/uartps_v3_4/src -s libs  "SHELL=/bin/sh" "COMPILER=arm-none-eabi-gcc" "ARCHIVER=arm-none-eabi-ar" "COMPILER_FLAGS=  -O2 -c" "EXTRA_COMPILER_FLAGS=-mcpu=cortex-a9 -mfpu=vfpv3 -mfloat-abi=hard -nostartfiles -Wall -Wextra"
Compiling uartps
Running Make libs in ps7_cortexa9_0/libsrc/usbps_v2_4/src
make -C ps7_cortexa9_0/libsrc/usbps_v2_4/src -s libs  "SHELL=/bin/sh" "COMPILER=arm-none-eabi-gcc" "ARCHIVER=arm-none-eabi-ar" "COMPILER_FLAGS=  -O2 -c" "EXTRA_COMPILER_FLAGS=-mcpu=cortex-a9 -mfpu=vfpv3 -mfloat-abi=hard -nostartfiles -Wall -Wextra"
Compiling usbps
Running Make libs in ps7_cortexa9_0/libsrc/coresightps_dcc_v1_4/src
make -C ps7_cortexa9_0/libsrc/coresightps_dcc_v1_4/src -s libs  "SHELL=/bin/sh" "COMPILER=arm-none-eabi-gcc" "ARCHIVER=arm-none-eabi-ar" "COMPILER_FLAGS=  -O2 -c" "EXTRA_COMPILER_FLAGS=-mcpu=cortex-a9 -mfpu=vfpv3 -mfloat-abi=hard -nostartfiles -Wall -Wextra"
Compiling coresightps_dcc
Running Make libs in ps7_cortexa9_0/libsrc/tmrctr_v4_3/src
make -C ps7_cortexa9_0/libsrc/tmrctr_v4_3/src -s libs  "SHELL=/bin/sh" "COMPILER=arm-none-eabi-gcc" "ARCHIVER=arm-none-eabi-ar" "COMPILER_FLAGS=  -O2 -c" "EXTRA_COMPILER_FLAGS=-mcpu=cortex-a9 -mfpu=vfpv3 -mfloat-abi=hard -nostartfiles -Wall -Wextra"
Compiling tmrctr
Running Make libs in ps7_cortexa9_0/libsrc/scutimer_v2_1/src
make -C ps7_cortexa9_0/libsrc/scutimer_v2_1/src -s libs  "SHELL=/bin/sh" "COMPILER=arm-none-eabi-gcc" "ARCHIVER=arm-none-eabi-ar" "COMPILER_FLAGS=  -O2 -c" "EXTRA_COMPILER_FLAGS=-mcpu=cortex-a9 -mfpu=vfpv3 -mfloat-abi=hard -nostartfiles -Wall -Wextra"
Compiling scutimer
Finished building libraries
12:03:04 **** Auto Build of configuration Debug for project test ****
make pre-build main-build 
a9-linaro-pre-build-step
 
Building file: ../src/helloworld.c
Invoking: ARM v7 gcc compiler
arm-none-eabi-gcc -Wall -O0 -g3 -c -fmessage-length=0 -MT"src/helloworld.o" -mcpu=cortex-a9 -mfpu=vfpv3 -mfloat-abi=hard -I../../test_bsp/ps7_cortexa9_0/include -MMD -MP -MF"src/helloworld.d" -MT"src/helloworld.o" -o "src/helloworld.o" "../src/helloworld.c"
../src/helloworld.c: In function 'main':
../src/helloworld.c:218:11: warning: unused variable 'res' [-Wunused-variable]
     float res[3][2];
           ^~~
../src/helloworld.c:217:6: warning: unused variable 'size' [-Wunused-variable]
  int size[10];
      ^~~~
Finished building: ../src/helloworld.c
 
Building file: ../src/interrupt.c
Invoking: ARM v7 gcc compiler
arm-none-eabi-gcc -Wall -O0 -g3 -c -fmessage-length=0 -MT"src/interrupt.o" -mcpu=cortex-a9 -mfpu=vfpv3 -mfloat-abi=hard -I../../test_bsp/ps7_cortexa9_0/include -MMD -MP -MF"src/interrupt.d" -MT"src/interrupt.o" -o "src/interrupt.o" "../src/interrupt.c"
Finished building: ../src/interrupt.c
 
Building file: ../src/mem_test.c
Invoking: ARM v7 gcc compiler
arm-none-eabi-gcc -Wall -O0 -g3 -c -fmessage-length=0 -MT"src/mem_test.o" -mcpu=cortex-a9 -mfpu=vfpv3 -mfloat-abi=hard -I../../test_bsp/ps7_cortexa9_0/include -MMD -MP -MF"src/mem_test.d" -MT"src/mem_test.o" -o "src/mem_test.o" "../src/mem_test.c"
../src/mem_test.c: In function 'init_dma_intr':
../src/mem_test.c:562:17: error: 'XPAR_FABRIC_AXIDMA_0_MM2S_INTROUT_VEC_ID' undeclared (first use in this function)
   vec_mm2s_id = XPAR_FABRIC_AXIDMA_0_MM2S_INTROUT_VEC_ID;
                 ^~~~~~~~~~~~~~~~~~~~~~~~~~~~~~~~~~~~~~~~
../src/mem_test.c:562:17: note: each undeclared identifier is reported only once for each function it appears in
../src/mem_test.c:563:17: error: 'XPAR_FABRIC_AXIDMA_0_S2MM_INTROUT_VEC_ID' undeclared (first use in this function)
   vec_s2mm_id = XPAR_FABRIC_AXIDMA_0_S2MM_INTROUT_VEC_ID;
                 ^~~~~~~~~~~~~~~~~~~~~~~~~~~~~~~~~~~~~~~~
../src/mem_test.c:570:17: error: 'XPAR_FABRIC_AXIDMA_1_MM2S_INTROUT_VEC_ID' undeclared (first use in this function)
   vec_mm2s_id = XPAR_FABRIC_AXIDMA_1_MM2S_INTROUT_VEC_ID;
                 ^~~~~~~~~~~~~~~~~~~~~~~~~~~~~~~~~~~~~~~~
../src/mem_test.c:571:17: error: 'XPAR_FABRIC_AXIDMA_1_S2MM_INTROUT_VEC_ID' undeclared (first use in this function)
   vec_s2mm_id = XPAR_FABRIC_AXIDMA_1_S2MM_INTROUT_VEC_ID;
                 ^~~~~~~~~~~~~~~~~~~~~~~~~~~~~~~~~~~~~~~~
../src/mem_test.c:578:17: error: 'XPAR_FABRIC_AXIDMA_2_MM2S_INTROUT_VEC_ID' undeclared (first use in this function)
   vec_mm2s_id = XPAR_FABRIC_AXIDMA_2_MM2S_INTROUT_VEC_ID;
                 ^~~~~~~~~~~~~~~~~~~~~~~~~~~~~~~~~~~~~~~~
../src/mem_test.c:579:17: error: 'XPAR_FABRIC_AXIDMA_2_S2MM_INTROUT_VEC_ID' undeclared (first use in this function)
   vec_s2mm_id = XPAR_FABRIC_AXIDMA_2_S2MM_INTROUT_VEC_ID;
                 ^~~~~~~~~~~~~~~~~~~~~~~~~~~~~~~~~~~~~~~~
../src/mem_test.c:586:17: error: 'XPAR_FABRIC_AXIDMA_3_MM2S_INTROUT_VEC_ID' undeclared (first use in this function)
   vec_mm2s_id = XPAR_FABRIC_AXIDMA_3_MM2S_INTROUT_VEC_ID;
                 ^~~~~~~~~~~~~~~~~~~~~~~~~~~~~~~~~~~~~~~~
../src/mem_test.c:587:17: error: 'XPAR_FABRIC_AXIDMA_3_S2MM_INTROUT_VEC_ID' undeclared (first use in this function)
   vec_s2mm_id = XPAR_FABRIC_AXIDMA_3_S2MM_INTROUT_VEC_ID;
                 ^~~~~~~~~~~~~~~~~~~~~~~~~~~~~~~~~~~~~~~~
../src/mem_test.c: In function 'deviceScript':
../src/mem_test.c:1357:2: warning: implicit declaration of function 'printf' [-Wimplicit-function-declaration]
  printf("VccInt \t\t: power= %f (mean), %f (var)\t | voltage= %f (mean), %f (var)\t | current= %f (mean), %f (var)\n\r", res[0][2][0],res[0][2][1],res[0][0][0],res[0][0][1],res[0][1][0],res[0][1][1]);
  ^~~~~~
../src/mem_test.c:1357:2: warning: incompatible implicit declaration of built-in function 'printf'
../src/mem_test.c:1357:2: note: include '<stdio.h>' or provide a declaration of 'printf'
../src/mem_test.c:1314:6: warning: variable 'size' set but not used [-Wunused-but-set-variable]
  int size[10];
      ^~~~
../src/mem_test.c: In function 'deviceScriptStatic':
../src/mem_test.c:1436:2: warning: incompatible implicit declaration of built-in function 'printf'
  printf("VccInt \t\t: power= %f (mean), %f (var)\t | voltage= %f (mean), %f (var)\t | current= %f (mean), %f (var)\n\r", res[0][2][0],res[0][2][1],res[0][0][0],res[0][0][1],res[0][1][0],res[0][1][1]);
  ^~~~~~
../src/mem_test.c:1436:2: note: include '<stdio.h>' or provide a declaration of 'printf'
../src/mem_test.c:1393:6: warning: variable 'size' set but not used [-Wunused-but-set-variable]
  int size[10];
      ^~~~
make: *** [src/mem_test.o] Error 1
src/subdir.mk:36: recipe for target 'src/mem_test.o' failed
12:19:41 **** Auto Build of configuration Debug for project test ****
make pre-build main-build 
a9-linaro-pre-build-step
 
Building file: ../src/mem_test.c
Invoking: ARM v7 gcc compiler
arm-none-eabi-gcc -Wall -O0 -g3 -c -fmessage-length=0 -MT"src/mem_test.o" -mcpu=cortex-a9 -mfpu=vfpv3 -mfloat-abi=hard -I../../test_bsp/ps7_cortexa9_0/include -MMD -MP -MF"src/mem_test.d" -MT"src/mem_test.o" -o "src/mem_test.o" "../src/mem_test.c"
../src/mem_test.c: In function 'init_dma_intr':
../src/mem_test.c:562:17: error: 'XPAR_FABRIC_AXIDMA_0_MM2S_INTROUT_INTR' undeclared (first use in this function)
   vec_mm2s_id = XPAR_FABRIC_AXIDMA_0_MM2S_INTROUT_INTR;
                 ^~~~~~~~~~~~~~~~~~~~~~~~~~~~~~~~~~~~~~
../src/mem_test.c:562:17: note: each undeclared identifier is reported only once for each function it appears in
../src/mem_test.c:563:17: error: 'XPAR_FABRIC_AXIDMA_0_S2MM_INTROUT_INTR' undeclared (first use in this function)
   vec_s2mm_id = XPAR_FABRIC_AXIDMA_0_S2MM_INTROUT_INTR;
                 ^~~~~~~~~~~~~~~~~~~~~~~~~~~~~~~~~~~~~~
../src/mem_test.c:570:17: error: 'XPAR_FABRIC_AXIDMA_1_MM2S_INTROUT_INTR' undeclared (first use in this function)
   vec_mm2s_id = XPAR_FABRIC_AXIDMA_1_MM2S_INTROUT_INTR;
                 ^~~~~~~~~~~~~~~~~~~~~~~~~~~~~~~~~~~~~~
../src/mem_test.c:571:17: error: 'XPAR_FABRIC_AXIDMA_1_S2MM_INTROUT_INTR' undeclared (first use in this function)
   vec_s2mm_id = XPAR_FABRIC_AXIDMA_1_S2MM_INTROUT_INTR;
                 ^~~~~~~~~~~~~~~~~~~~~~~~~~~~~~~~~~~~~~
../src/mem_test.c:578:17: error: 'XPAR_FABRIC_AXIDMA_2_MM2S_INTROUT_INTR' undeclared (first use in this function)
   vec_mm2s_id = XPAR_FABRIC_AXIDMA_2_MM2S_INTROUT_INTR;
                 ^~~~~~~~~~~~~~~~~~~~~~~~~~~~~~~~~~~~~~
../src/mem_test.c:579:17: error: 'XPAR_FABRIC_AXIDMA_2_S2MM_INTROUT_INTR' undeclared (first use in this function)
   vec_s2mm_id = XPAR_FABRIC_AXIDMA_2_S2MM_INTROUT_INTR;
                 ^~~~~~~~~~~~~~~~~~~~~~~~~~~~~~~~~~~~~~
../src/mem_test.c:586:17: error: 'XPAR_FABRIC_AXIDMA_3_MM2S_INTROUT_INTR' undeclared (first use in this function)
   vec_mm2s_id = XPAR_FABRIC_AXIDMA_3_MM2S_INTROUT_INTR;
                 ^~~~~~~~~~~~~~~~~~~~~~~~~~~~~~~~~~~~~~
../src/mem_test.c:587:17: error: 'XPAR_FABRIC_AXIDMA_3_S2MM_INTROUT_INTR' undeclared (first use in this function)
   vec_s2mm_id = XPAR_FABRIC_AXIDMA_3_S2MM_INTROUT_INTR;
                 ^~~~~~~~~~~~~~~~~~~~~~~~~~~~~~~~~~~~~~
../src/mem_test.c: In function 'deviceScript':
../src/mem_test.c:1357:2: warning: implicit declaration of function 'printf' [-Wimplicit-function-declaration]
  printf("VccInt \t\t: power= %f (mean), %f (var)\t | voltage= %f (mean), %f (var)\t | current= %f (mean), %f (var)\n\r", res[0][2][0],res[0][2][1],res[0][0][0],res[0][0][1],res[0][1][0],res[0][1][1]);
  ^~~~~~
../src/mem_test.c:1357:2: warning: incompatible implicit declaration of built-in function 'printf'
../src/mem_test.c:1357:2: note: include '<stdio.h>' or provide a declaration of 'printf'
../src/mem_test.c:1314:6: warning: variable 'size' set but not used [-Wunused-but-set-variable]
  int size[10];
      ^~~~
../src/mem_test.c: In function 'deviceScriptStatic':
../src/mem_test.c:1436:2: warning: incompatible implicit declaration of built-in function 'printf'
  printf("VccInt \t\t: power= %f (mean), %f (var)\t | voltage= %f (mean), %f (var)\t | current= %f (mean), %f (var)\n\r", res[0][2][0],res[0][2][1],res[0][0][0],res[0][0][1],res[0][1][0],res[0][1][1]);
  ^~~~~~
../src/mem_test.c:1436:2: note: include '<stdio.h>' or provide a declaration of 'printf'
../src/mem_test.c:1393:6: warning: variable 'size' set but not used [-Wunused-but-set-variable]
  int size[10];
      ^~~~
src/subdir.mk:36: recipe for target 'src/mem_test.o' failed
make: *** [src/mem_test.o] Error 1
12:19:45 **** Incremental Build of configuration Debug for project test ****
make pre-build main-build 
a9-linaro-pre-build-step
 
Building file: ../src/mem_test.c
Invoking: ARM v7 gcc compiler
arm-none-eabi-gcc -Wall -O0 -g3 -c -fmessage-length=0 -MT"src/mem_test.o" -mcpu=cortex-a9 -mfpu=vfpv3 -mfloat-abi=hard -I../../test_bsp/ps7_cortexa9_0/include -MMD -MP -MF"src/mem_test.d" -MT"src/mem_test.o" -o "src/mem_test.o" "../src/mem_test.c"
../src/mem_test.c: In function 'init_dma_intr':
../src/mem_test.c:562:17: error: 'XPAR_FABRIC_AXIDMA_0_MM2S_INTROUT_INTR' undeclared (first use in this function)
   vec_mm2s_id = XPAR_FABRIC_AXIDMA_0_MM2S_INTROUT_INTR;
                 ^~~~~~~~~~~~~~~~~~~~~~~~~~~~~~~~~~~~~~
../src/mem_test.c:562:17: note: each undeclared identifier is reported only once for each function it appears in
../src/mem_test.c:563:17: error: 'XPAR_FABRIC_AXIDMA_0_S2MM_INTROUT_INTR' undeclared (first use in this function)
   vec_s2mm_id = XPAR_FABRIC_AXIDMA_0_S2MM_INTROUT_INTR;
                 ^~~~~~~~~~~~~~~~~~~~~~~~~~~~~~~~~~~~~~
../src/mem_test.c:570:17: error: 'XPAR_FABRIC_AXIDMA_1_MM2S_INTROUT_INTR' undeclared (first use in this function)
   vec_mm2s_id = XPAR_FABRIC_AXIDMA_1_MM2S_INTROUT_INTR;
                 ^~~~~~~~~~~~~~~~~~~~~~~~~~~~~~~~~~~~~~
../src/mem_test.c:571:17: error: 'XPAR_FABRIC_AXIDMA_1_S2MM_INTROUT_INTR' undeclared (first use in this function)
   vec_s2mm_id = XPAR_FABRIC_AXIDMA_1_S2MM_INTROUT_INTR;
                 ^~~~~~~~~~~~~~~~~~~~~~~~~~~~~~~~~~~~~~
../src/mem_test.c:578:17: error: 'XPAR_FABRIC_AXIDMA_2_MM2S_INTROUT_INTR' undeclared (first use in this function)
   vec_mm2s_id = XPAR_FABRIC_AXIDMA_2_MM2S_INTROUT_INTR;
                 ^~~~~~~~~~~~~~~~~~~~~~~~~~~~~~~~~~~~~~
../src/mem_test.c:579:17: error: 'XPAR_FABRIC_AXIDMA_2_S2MM_INTROUT_INTR' undeclared (first use in this function)
   vec_s2mm_id = XPAR_FABRIC_AXIDMA_2_S2MM_INTROUT_INTR;
                 ^~~~~~~~~~~~~~~~~~~~~~~~~~~~~~~~~~~~~~
../src/mem_test.c:586:17: error: 'XPAR_FABRIC_AXIDMA_3_MM2S_INTROUT_INTR' undeclared (first use in this function)
   vec_mm2s_id = XPAR_FABRIC_AXIDMA_3_MM2S_INTROUT_INTR;
                 ^~~~~~~~~~~~~~~~~~~~~~~~~~~~~~~~~~~~~~
../src/mem_test.c:587:17: error: 'XPAR_FABRIC_AXIDMA_3_S2MM_INTROUT_INTR' undeclared (first use in this function)
   vec_s2mm_id = XPAR_FABRIC_AXIDMA_3_S2MM_INTROUT_INTR;
                 ^~~~~~~~~~~~~~~~~~~~~~~~~~~~~~~~~~~~~~
../src/mem_test.c: In function 'deviceScript':
../src/mem_test.c:1357:2: warning: implicit declaration of function 'printf' [-Wimplicit-function-declaration]
  printf("VccInt \t\t: power= %f (mean), %f (var)\t | voltage= %f (mean), %f (var)\t | current= %f (mean), %f (var)\n\r", res[0][2][0],res[0][2][1],res[0][0][0],res[0][0][1],res[0][1][0],res[0][1][1]);
  ^~~~~~
../src/mem_test.c:1357:2: warning: incompatible implicit declaration of built-in function 'printf'
../src/mem_test.c:1357:2: note: include '<stdio.h>' or provide a declaration of 'printf'
../src/mem_test.c:1314:6: warning: variable 'size' set but not used [-Wunused-but-set-variable]
  int size[10];
      ^~~~
../src/mem_test.c: In function 'deviceScriptStatic':
../src/mem_test.c:1436:2: warning: incompatible implicit declaration of built-in function 'printf'
  printf("VccInt \t\t: power= %f (mean), %f (var)\t | voltage= %f (mean), %f (var)\t | current= %f (mean), %f (var)\n\r", res[0][2][0],res[0][2][1],res[0][0][0],res[0][0][1],res[0][1][0],res[0][1][1]);
  ^~~~~~
../src/mem_test.c:1436:2: note: include '<stdio.h>' or provide a declaration of 'printf'
../src/mem_test.c:1393:6: warning: variable 'size' set but not used [-Wunused-but-set-variable]
  int size[10];
      ^~~~
src/subdir.mk:36: recipe for target 'src/mem_test.o' failed
make: *** [src/mem_test.o] Error 1
12:20:49 **** Auto Build of configuration Debug for project test ****
make pre-build main-build 
a9-linaro-pre-build-step
 
Building file: ../src/mem_test.c
Invoking: ARM v7 gcc compiler
arm-none-eabi-gcc -Wall -O0 -g3 -c -fmessage-length=0 -MT"src/mem_test.o" -mcpu=cortex-a9 -mfpu=vfpv3 -mfloat-abi=hard -I../../test_bsp/ps7_cortexa9_0/include -MMD -MP -MF"src/mem_test.d" -MT"src/mem_test.o" -o "src/mem_test.o" "../src/mem_test.c"
../src/mem_test.c: In function 'deviceScript':
../src/mem_test.c:1357:2: warning: implicit declaration of function 'printf' [-Wimplicit-function-declaration]
  printf("VccInt \t\t: power= %f (mean), %f (var)\t | voltage= %f (mean), %f (var)\t | current= %f (mean), %f (var)\n\r", res[0][2][0],res[0][2][1],res[0][0][0],res[0][0][1],res[0][1][0],res[0][1][1]);
  ^~~~~~
../src/mem_test.c:1357:2: warning: incompatible implicit declaration of built-in function 'printf'
../src/mem_test.c:1357:2: note: include '<stdio.h>' or provide a declaration of 'printf'
../src/mem_test.c:1314:6: warning: variable 'size' set but not used [-Wunused-but-set-variable]
  int size[10];
      ^~~~
../src/mem_test.c: In function 'deviceScriptStatic':
../src/mem_test.c:1436:2: warning: incompatible implicit declaration of built-in function 'printf'
  printf("VccInt \t\t: power= %f (mean), %f (var)\t | voltage= %f (mean), %f (var)\t | current= %f (mean), %f (var)\n\r", res[0][2][0],res[0][2][1],res[0][0][0],res[0][0][1],res[0][1][0],res[0][1][1]);
  ^~~~~~
../src/mem_test.c:1436:2: note: include '<stdio.h>' or provide a declaration of 'printf'
../src/mem_test.c:1393:6: warning: variable 'size' set but not used [-Wunused-but-set-variable]
  int size[10];
      ^~~~
Finished building: ../src/mem_test.c
 
Building file: ../src/platform.c
Invoking: ARM v7 gcc compiler
arm-none-eabi-gcc -Wall -O0 -g3 -c -fmessage-length=0 -MT"src/platform.o" -mcpu=cortex-a9 -mfpu=vfpv3 -mfloat-abi=hard -I../../test_bsp/ps7_cortexa9_0/include -MMD -MP -MF"src/platform.d" -MT"src/platform.o" -o "src/platform.o" "../src/platform.c"
Finished building: ../src/platform.c
 
Building file: ../src/pmbus_iic.c
Invoking: ARM v7 gcc compiler
arm-none-eabi-gcc -Wall -O0 -g3 -c -fmessage-length=0 -MT"src/pmbus_iic.o" -mcpu=cortex-a9 -mfpu=vfpv3 -mfloat-abi=hard -I../../test_bsp/ps7_cortexa9_0/include -MMD -MP -MF"src/pmbus_iic.d" -MT"src/pmbus_iic.o" -o "src/pmbus_iic.o" "../src/pmbus_iic.c"
../src/pmbus_iic.c: In function 'simplePowerTestStatistics':
../src/pmbus_iic.c:222:2: warning: implicit declaration of function 'printf' [-Wimplicit-function-declaration]
  printf("VccInt \t\t: current = mean %f, var %f | voltage = mean %f, var %f\n\r", i_mean[0],i_var[0],v_mean[0],v_var[0]);
  ^~~~~~
../src/pmbus_iic.c:222:2: warning: incompatible implicit declaration of built-in function 'printf'
../src/pmbus_iic.c:222:2: note: include '<stdio.h>' or provide a declaration of 'printf'
../src/pmbus_iic.c: In function 'setupCalibration':
../src/pmbus_iic.c:286:6: warning: incompatible implicit declaration of built-in function 'printf'
      printf("device: %d, page: %d\n\r",device,page);
      ^~~~~~
../src/pmbus_iic.c:286:6: note: include '<stdio.h>' or provide a declaration of 'printf'
../src/pmbus_iic.c: In function 'readCurrent_real':
../src/pmbus_iic.c:529:9: warning: variable 'data' set but not used [-Wunused-but-set-variable]
     u16 data;
         ^~~~
../src/pmbus_iic.c: In function 'displayPower':
../src/pmbus_iic.c:704:2: warning: incompatible implicit declaration of built-in function 'printf'
  printf("|---------------------------------------------------------------|\n");
  ^~~~~~
../src/pmbus_iic.c:704:2: note: include '<stdio.h>' or provide a declaration of 'printf'
../src/pmbus_iic.c: In function 'printPowerInfo':
../src/pmbus_iic.c:743:3: warning: incompatible implicit declaration of built-in function 'printf'
   printf("VccInt \t\t: %f\n\r", power_table[i][0]);
   ^~~~~~
../src/pmbus_iic.c:743:3: note: include '<stdio.h>' or provide a declaration of 'printf'
Finished building: ../src/pmbus_iic.c
 
Building file: ../src/timer.c
Invoking: ARM v7 gcc compiler
arm-none-eabi-gcc -Wall -O0 -g3 -c -fmessage-length=0 -MT"src/timer.o" -mcpu=cortex-a9 -mfpu=vfpv3 -mfloat-abi=hard -I../../test_bsp/ps7_cortexa9_0/include -MMD -MP -MF"src/timer.d" -MT"src/timer.o" -o "src/timer.o" "../src/timer.c"
../src/timer.c:11:1: error: unknown type name 'XTmrCtr'
 XTmrCtr timer;
 ^~~~~~~
../src/timer.c: In function 'setup_timer':
../src/timer.c:14:15: warning: implicit declaration of function 'XTmrCtr_Initialize' [-Wimplicit-function-declaration]
  int status = XTmrCtr_Initialize(&timer, XPAR_AXI_TIMER_DEVICE_ID);
               ^~~~~~~~~~~~~~~~~~
../src/timer.c:14:42: error: 'XPAR_AXI_TIMER_DEVICE_ID' undeclared (first use in this function)
  int status = XTmrCtr_Initialize(&timer, XPAR_AXI_TIMER_DEVICE_ID);
                                          ^~~~~~~~~~~~~~~~~~~~~~~~
../src/timer.c:14:42: note: each undeclared identifier is reported only once for each function it appears in
../src/timer.c:15:15: error: 'XST_SUCCESS' undeclared (first use in this function)
src/subdir.mk:36: recipe for target 'src/timer.o' failed
  if(status != XST_SUCCESS)
               ^~~~~~~~~~~
../src/timer.c:17:3: warning: implicit declaration of function 'print' [-Wimplicit-function-declaration]
   print("\rError: timer setup failed\n");
   ^~~~~
../src/timer.c:18:10: error: 'XST_FAILURE' undeclared (first use in this function)
   return XST_FAILURE;
          ^~~~~~~~~~~
../src/timer.c:20:2: warning: implicit declaration of function 'XTmrCtr_SetOptions' [-Wimplicit-function-declaration]
  XTmrCtr_SetOptions(&timer, XPAR_AXI_TIMER_DEVICE_ID, XTC_ENABLE_ALL_OPTION);
  ^~~~~~~~~~~~~~~~~~
../src/timer.c:20:55: error: 'XTC_ENABLE_ALL_OPTION' undeclared (first use in this function)
  XTmrCtr_SetOptions(&timer, XPAR_AXI_TIMER_DEVICE_ID, XTC_ENABLE_ALL_OPTION);
                                                       ^~~~~~~~~~~~~~~~~~~~~
../src/timer.c:22:2: warning: implicit declaration of function 'XTmrCtr_Reset' [-Wimplicit-function-declaration]
  XTmrCtr_Reset(&timer_dev, XPAR_AXI_TIMER_DEVICE_ID);
  ^~~~~~~~~~~~~
../src/timer.c:22:17: error: 'timer_dev' undeclared (first use in this function)
  XTmrCtr_Reset(&timer_dev, XPAR_AXI_TIMER_DEVICE_ID);
                 ^~~~~~~~~
../src/timer.c:23:2: error: 'init_time' undeclared (first use in this function)
  init_time = XTmrCtr_GetValue(&timer_dev, XPAR_AXI_TIMER_DEVICE_ID);
  ^~~~~~~~~
../src/timer.c:23:14: warning: implicit declaration of function 'XTmrCtr_GetValue' [-Wimplicit-function-declaration]
  init_time = XTmrCtr_GetValue(&timer_dev, XPAR_AXI_TIMER_DEVICE_ID);
              ^~~~~~~~~~~~~~~~
../src/timer.c:24:2: error: 'curr_time' undeclared (first use in this function)
  curr_time = XTmrCtr_GetValue(&timer_dev, XPAR_AXI_TIMER_DEVICE_ID);
  ^~~~~~~~~
../src/timer.c:25:2: error: 'calibration' undeclared (first use in this function)
  calibration = curr_time - init_time;
  ^~~~~~~~~~~
../src/timer.c:26:1: warning: control reaches end of non-void function [-Wreturn-type]
 }
 ^
make: *** [src/timer.o] Error 1
12:21:36 **** Auto Build of configuration Debug for project test ****
make pre-build main-build 
a9-linaro-pre-build-step
 
Building file: ../src/timer.c
Invoking: ARM v7 gcc compiler
arm-none-eabi-gcc -Wall -O0 -g3 -c -fmessage-length=0 -MT"src/timer.o" -mcpu=cortex-a9 -mfpu=vfpv3 -mfloat-abi=hard -I../../test_bsp/ps7_cortexa9_0/include -MMD -MP -MF"src/timer.d" -MT"src/timer.o" -o "src/timer.o" "../src/timer.c"
../src/timer.c: In function 'setup_timer':
../src/timer.c:16:42: error: 'XPAR_AXI_TIMER_DEVICE_ID' undeclared (first use in this function)
  int status = XTmrCtr_Initialize(&timer, XPAR_AXI_TIMER_DEVICE_ID);
                                          ^~~~~~~~~~~~~~~~~~~~~~~~
../src/timer.c:16:42: note: each undeclared identifier is reported only once for each function it appears in
../src/timer.c:24:17: error: 'timer_dev' undeclared (first use in this function)
  XTmrCtr_Reset(&timer_dev, XPAR_AXI_TIMER_DEVICE_ID);
                 ^~~~~~~~~
../src/timer.c:25:2: error: 'init_time' undeclared (first use in this function)
  init_time = XTmrCtr_GetValue(&timer_dev, XPAR_AXI_TIMER_DEVICE_ID);
src/subdir.mk:36: recipe for target 'src/timer.o' failed
  ^~~~~~~~~
../src/timer.c:26:2: error: 'curr_time' undeclared (first use in this function)
  curr_time = XTmrCtr_GetValue(&timer_dev, XPAR_AXI_TIMER_DEVICE_ID);
  ^~~~~~~~~
../src/timer.c:27:2: error: 'calibration' undeclared (first use in this function)
  calibration = curr_time - init_time;
  ^~~~~~~~~~~
../src/timer.c:28:1: warning: control reaches end of non-void function [-Wreturn-type]
 }
 ^
make: *** [src/timer.o] Error 1
12:21:48 **** Auto Build of configuration Debug for project test ****
make pre-build main-build 
a9-linaro-pre-build-step
 
Building file: ../src/timer.c
Invoking: ARM v7 gcc compiler
arm-none-eabi-gcc -Wall -O0 -g3 -c -fmessage-length=0 -MT"src/timer.o" -mcpu=cortex-a9 -mfpu=vfpv3 -mfloat-abi=hard -I../../test_bsp/ps7_cortexa9_0/include -MMD -MP -MF"src/timer.d" -MT"src/timer.o" -o "src/timer.o" "../src/timer.c"
../src/timer.c: In function 'setup_timer':
../src/timer.c:21:29: error: 'XPAR_AXI_TIMER_DEVICE_ID' undeclared (first use in this function)
  XTmrCtr_SetOptions(&timer, XPAR_AXI_TIMER_DEVICE_ID, XTC_ENABLE_ALL_OPTION);
                             ^~~~~~~~~~~~~~~~~~~~~~~~
../src/timer.c:21:29: note: each undeclared identifier is reported only once for each function it appears in
../src/timer.c:23:17: error: 'timer_dev' undeclared (first use in this function)
  XTmrCtr_Reset(&timer_dev, XPAR_AXI_TIMER_DEVICE_ID);
                 ^~~~~~~~~
../src/timer.c:24:2: error: 'init_time' undeclared (first use in this function)
  init_time = XTmrCtr_GetValue(&timer_dev, XPAR_AXI_TIMER_DEVICE_ID);
  ^~~~~~~~~
../src/timer.c:25:2: error: 'curr_time' undeclared (first use in this function)
src/subdir.mk:36: recipe for target 'src/timer.o' failed
  curr_time = XTmrCtr_GetValue(&timer_dev, XPAR_AXI_TIMER_DEVICE_ID);
  ^~~~~~~~~
../src/timer.c:26:2: error: 'calibration' undeclared (first use in this function)
  calibration = curr_time - init_time;
  ^~~~~~~~~~~
../src/timer.c:27:1: warning: control reaches end of non-void function [-Wreturn-type]
 }
 ^
make: *** [src/timer.o] Error 1
12:21:59 **** Auto Build of configuration Debug for project test ****
make pre-build main-build 
a9-linaro-pre-build-step
 
Building file: ../src/timer.c
Invoking: ARM v7 gcc compiler
arm-none-eabi-gcc -Wall -O0 -g3 -c -fmessage-length=0 -MT"src/timer.o" -mcpu=cortex-a9 -mfpu=vfpv3 -mfloat-abi=hard -I../../test_bsp/ps7_cortexa9_0/include -MMD -MP -MF"src/timer.d" -MT"src/timer.o" -o "src/timer.o" "../src/timer.c"
../src/timer.c: In function 'setup_timer':
../src/timer.c:23:17: error: 'timer_dev' undeclared (first use in this function)
  XTmrCtr_Reset(&timer_dev, XPAR_AXI_TIMER_DEVICE_ID);
                 ^~~~~~~~~
../src/timer.c:23:17: note: each undeclared identifier is reported only once for each function it appears in
../src/timer.c:23:28: error: 'XPAR_AXI_TIMER_DEVICE_ID' undeclared (first use in this function)
  XTmrCtr_Reset(&timer_dev, XPAR_AXI_TIMER_DEVICE_ID);
                            ^~~~~~~~~~~~~~~~~~~~~~~~
../src/timer.c:24:2: error: 'init_time' undeclared (first use in this function)
  init_time = XTmrCtr_GetValue(&timer_dev, XPAR_AXI_TIMER_0_DEVICE_ID);
  ^~~~~~~~~
../src/timer.c:25:2: error: 'curr_time' undeclared (first use in this function)
src/subdir.mk:36: recipe for target 'src/timer.o' failed
  curr_time = XTmrCtr_GetValue(&timer_dev, XPAR_AXI_TIMER_0_DEVICE_ID);
  ^~~~~~~~~
../src/timer.c:26:2: error: 'calibration' undeclared (first use in this function)
  calibration = curr_time - init_time;
  ^~~~~~~~~~~
../src/timer.c:27:1: warning: control reaches end of non-void function [-Wreturn-type]
 }
 ^
make: *** [src/timer.o] Error 1
12:22:18 **** Auto Build of configuration Debug for project test ****
make pre-build main-build 
a9-linaro-pre-build-step
 
Building file: ../src/timer.c
Invoking: ARM v7 gcc compiler
arm-none-eabi-gcc -Wall -O0 -g3 -c -fmessage-length=0 -MT"src/timer.o" -mcpu=cortex-a9 -mfpu=vfpv3 -mfloat-abi=hard -I../../test_bsp/ps7_cortexa9_0/include -MMD -MP -MF"src/timer.d" -MT"src/timer.o" -o "src/timer.o" "../src/timer.c"
../src/timer.c: In function 'setup_timer':
../src/timer.c:29:17: error: 'timer_dev' undeclared (first use in this function)
  XTmrCtr_Reset(&timer_dev, XPAR_AXI_TIMER_DEVICE_ID);
                 ^~~~~~~~~
../src/timer.c:29:17: note: each undeclared identifier is reported only once for each function it appears in
../src/timer.c:29:28: error: 'XPAR_AXI_TIMER_DEVICE_ID' undeclared (first use in this function)
  XTmrCtr_Reset(&timer_dev, XPAR_AXI_TIMER_DEVICE_ID);
                            ^~~~~~~~~~~~~~~~~~~~~~~~
../src/timer.c:19:15: warning: unused variable 'run_time_hw' [-Wunused-variable]
src/subdir.mk:36: recipe for target 'src/timer.o' failed
  unsigned int run_time_hw = 0;
               ^~~~~~~~~~~
../src/timer.c:18:15: warning: unused variable 'run_time_sw' [-Wunused-variable]
  unsigned int run_time_sw = 0;
               ^~~~~~~~~~~
../src/timer.c:17:15: warning: unused variable 'end_time' [-Wunused-variable]
  unsigned int end_time;
               ^~~~~~~~
../src/timer.c:16:15: warning: unused variable 'begin_time' [-Wunused-variable]
  unsigned int begin_time;
               ^~~~~~~~~~
../src/timer.c:15:37: warning: variable 'calibration' set but not used [-Wunused-but-set-variable]
  unsigned int init_time, curr_time, calibration;
                                     ^~~~~~~~~~~
../src/timer.c:33:1: warning: control reaches end of non-void function [-Wreturn-type]
 }
 ^
make: *** [src/timer.o] Error 1
12:22:29 **** Auto Build of configuration Debug for project test ****
make pre-build main-build 
a9-linaro-pre-build-step
 
Building file: ../src/timer.c
Invoking: ARM v7 gcc compiler
arm-none-eabi-gcc -Wall -O0 -g3 -c -fmessage-length=0 -MT"src/timer.o" -mcpu=cortex-a9 -mfpu=vfpv3 -mfloat-abi=hard -I../../test_bsp/ps7_cortexa9_0/include -MMD -MP -MF"src/timer.d" -MT"src/timer.o" -o "src/timer.o" "../src/timer.c"
../src/timer.c: In function 'setup_timer':
../src/timer.c:29:24: error: 'XPAR_AXI_TIMER_DEVICE_ID' undeclared (first use in this function)
  XTmrCtr_Reset(&timer, XPAR_AXI_TIMER_DEVICE_ID);
                        ^~~~~~~~~~~~~~~~~~~~~~~~
../src/timer.c:29:24: note: each undeclared identifier is reported only once for each function it appears in
../src/timer.c:19:15: warning: unused variable 'run_time_hw' [-Wunused-variable]
  unsigned int run_time_hw = 0;
               ^~~~~~~~~~~
../src/timer.c:18:15: warning: unused variable 'run_time_sw' [-Wunused-variable]
  unsigned int run_time_sw = 0;
               ^~~~~~~~~~~
../src/timer.c:17:15: warning: unused variable 'end_time' [-Wunused-variable]
  unsigned int end_time;
src/subdir.mk:36: recipe for target 'src/timer.o' failed
               ^~~~~~~~
../src/timer.c:16:15: warning: unused variable 'begin_time' [-Wunused-variable]
  unsigned int begin_time;
               ^~~~~~~~~~
../src/timer.c:15:37: warning: variable 'calibration' set but not used [-Wunused-but-set-variable]
  unsigned int init_time, curr_time, calibration;
                                     ^~~~~~~~~~~
../src/timer.c:33:1: warning: control reaches end of non-void function [-Wreturn-type]
 }
 ^
make: *** [src/timer.o] Error 1
12:22:37 **** Auto Build of configuration Debug for project test ****
make pre-build main-build 
a9-linaro-pre-build-step
 
Building file: ../src/timer.c
Invoking: ARM v7 gcc compiler
arm-none-eabi-gcc -Wall -O0 -g3 -c -fmessage-length=0 -MT"src/timer.o" -mcpu=cortex-a9 -mfpu=vfpv3 -mfloat-abi=hard -I../../test_bsp/ps7_cortexa9_0/include -MMD -MP -MF"src/timer.d" -MT"src/timer.o" -o "src/timer.o" "../src/timer.c"
../src/timer.c: In function 'setup_timer':
../src/timer.c:19:15: warning: unused variable 'run_time_hw' [-Wunused-variable]
  unsigned int run_time_hw = 0;
               ^~~~~~~~~~~
../src/timer.c:18:15: warning: unused variable 'run_time_sw' [-Wunused-variable]
  unsigned int run_time_sw = 0;
               ^~~~~~~~~~~
../src/timer.c:17:15: warning: unused variable 'end_time' [-Wunused-variable]
  unsigned int end_time;
               ^~~~~~~~
../src/timer.c:16:15: warning: unused variable 'begin_time' [-Wunused-variable]
  unsigned int begin_time;
               ^~~~~~~~~~
../src/timer.c:15:37: warning: variable 'calibration' set but not used [-Wunused-but-set-variable]
  unsigned int init_time, curr_time, calibration;
                                     ^~~~~~~~~~~
../src/timer.c:33:1: warning: control reaches end of non-void function [-Wreturn-type]
 }
 ^
Finished building: ../src/timer.c
 
Building target: test.elf
Invoking: ARM v7 gcc linker
arm-none-eabi-gcc -mcpu=cortex-a9 -mfpu=vfpv3 -mfloat-abi=hard -Wl,-build-id=none -specs=Xilinx.spec -Wl,-T -Wl,../src/lscript.ld -L../../test_bsp/ps7_cortexa9_0/lib -o "test.elf"  ./src/helloworld.o ./src/interrupt.o ./src/mem_test.o ./src/platform.o ./src/pmbus_iic.o ./src/timer.o   -Wl,--start-group,-lxil,-lgcc,-lc,--end-group
./src/pmbus_iic.o: In function `linear11ToFloat':
/home/juju/mem_io_unit_testing/designs/f_PL_50_BURST_8/test/Debug/../src/pmbus_iic.c:691: undefined reference to `pow'
makefile:39: recipe for target 'test.elf' failed
collect2: error: ld returned 1 exit status
make: *** [test.elf] Error 1
12:27:40 **** Auto Build of configuration Debug for project test ****
make pre-build main-build 
a9-linaro-pre-build-step
 
Building file: ../src/timer.c
Invoking: ARM v7 gcc compiler
arm-none-eabi-gcc -Wall -O0 -g3 -c -fmessage-length=0 -MT"src/timer.o" -mcpu=cortex-a9 -mfpu=vfpv3 -mfloat-abi=hard -I../../test_bsp/ps7_cortexa9_0/include -MMD -MP -MF"src/timer.d" -MT"src/timer.o" -o "src/timer.o" "../src/timer.c"
../src/timer.c: In function 'setup_timer':
../src/timer.c:33:1: warning: control reaches end of non-void function [-Wreturn-type]
 }
 ^
Finished building: ../src/timer.c
 
Building target: test.elf
Invoking: ARM v7 gcc linker
arm-none-eabi-gcc -mcpu=cortex-a9 -mfpu=vfpv3 -mfloat-abi=hard -Wl,-build-id=none -specs=Xilinx.spec -Wl,-T -Wl,../src/lscript.ld -L../../test_bsp/ps7_cortexa9_0/lib -o "test.elf"  ./src/helloworld.o ./src/interrupt.o ./src/mem_test.o ./src/platform.o ./src/pmbus_iic.o ./src/timer.o   -Wl,--start-group,-lxil,-lgcc,-lc,--end-group
./src/pmbus_iic.o: In function `linear11ToFloat':
/home/juju/mem_io_unit_testing/designs/f_PL_50_BURST_8/test/Debug/../src/pmbus_iic.c:691: undefined reference to `pow'
collect2: error: ld returned 1 exit status
makefile:39: recipe for target 'test.elf' failed
make: *** [test.elf] Error 1
12:29:22 **** Auto Build of configuration Debug for project test ****
make pre-build main-build 
a9-linaro-pre-build-step
 
Building file: ../src/timer.c
Invoking: ARM v7 gcc compiler
arm-none-eabi-gcc -Wall -O0 -g3 -c -fmessage-length=0 -MT"src/timer.o" -mcpu=cortex-a9 -mfpu=vfpv3 -mfloat-abi=hard -I../../test_bsp/ps7_cortexa9_0/include -MMD -MP -MF"src/timer.d" -MT"src/timer.o" -o "src/timer.o" "../src/timer.c"
../src/timer.c: In function 'stop_timer':
../src/timer.c:42:31: error: 'timer_dev' undeclared (first use in this function)
  end_time = XTmrCtr_GetValue(&timer_dev, XPAR_AXI_TIMER_DEVICE_ID);
                               ^~~~~~~~~
../src/timer.c:42:31: note: each undeclared identifier is reported only once for each function it appears in
../src/timer.c:42:42: error: 'XPAR_AXI_TIMER_DEVICE_ID' undeclared (first use in this function)
  end_time = XTmrCtr_GetValue(&timer_dev, XPAR_AXI_TIMER_DEVICE_ID);
                                          ^~~~~~~~~~~~~~~~~~~~~~~~
src/subdir.mk:36: recipe for target 'src/timer.o' failed
../src/timer.c: In function 'setup_timer':
../src/timer.c:33:1: warning: control reaches end of non-void function [-Wreturn-type]
 }
 ^
make: *** [src/timer.o] Error 1
12:29:34 **** Auto Build of configuration Debug for project test ****
make pre-build main-build 
a9-linaro-pre-build-step
 
Building file: ../src/timer.c
Invoking: ARM v7 gcc compiler
arm-none-eabi-gcc -Wall -O0 -g3 -c -fmessage-length=0 -MT"src/timer.o" -mcpu=cortex-a9 -mfpu=vfpv3 -mfloat-abi=hard -I../../test_bsp/ps7_cortexa9_0/include -MMD -MP -MF"src/timer.d" -MT"src/timer.o" -o "src/timer.o" "../src/timer.c"
../src/timer.c: In function 'setup_timer':
../src/timer.c:33:1: warning: control reaches end of non-void function [-Wreturn-type]
 }
 ^
Finished building: ../src/timer.c
 
Building target: test.elf
Invoking: ARM v7 gcc linker
arm-none-eabi-gcc -mcpu=cortex-a9 -mfpu=vfpv3 -mfloat-abi=hard -Wl,-build-id=none -specs=Xilinx.spec -Wl,-T -Wl,../src/lscript.ld -L../../test_bsp/ps7_cortexa9_0/lib -o "test.elf"  ./src/helloworld.o ./src/interrupt.o ./src/mem_test.o ./src/platform.o ./src/pmbus_iic.o ./src/timer.o   -Wl,--start-group,-lxil,-lgcc,-lc,--end-group
./src/pmbus_iic.o: In function `linear11ToFloat':
/home/juju/mem_io_unit_testing/designs/f_PL_50_BURST_8/test/Debug/../src/pmbus_iic.c:691: undefined reference to `pow'
makefile:39: recipe for target 'test.elf' failed
collect2: error: ld returned 1 exit status
make: *** [test.elf] Error 1
12:29:59 **** Auto Build of configuration Debug for project test ****
make pre-build main-build 
a9-linaro-pre-build-step
 
Building file: ../src/timer.c
Invoking: ARM v7 gcc compiler
arm-none-eabi-gcc -Wall -O0 -g3 -c -fmessage-length=0 -MT"src/timer.o" -mcpu=cortex-a9 -mfpu=vfpv3 -mfloat-abi=hard -I../../test_bsp/ps7_cortexa9_0/include -MMD -MP -MF"src/timer.d" -MT"src/timer.o" -o "src/timer.o" "../src/timer.c"
Finished building: ../src/timer.c
 
Building target: test.elf
Invoking: ARM v7 gcc linker
arm-none-eabi-gcc -mcpu=cortex-a9 -mfpu=vfpv3 -mfloat-abi=hard -Wl,-build-id=none -specs=Xilinx.spec -Wl,-T -Wl,../src/lscript.ld -L../../test_bsp/ps7_cortexa9_0/lib -o "test.elf"  ./src/helloworld.o ./src/interrupt.o ./src/mem_test.o ./src/platform.o ./src/pmbus_iic.o ./src/timer.o   -Wl,--start-group,-lxil,-lgcc,-lc,--end-group
./src/pmbus_iic.o: In function `linear11ToFloat':
/home/juju/mem_io_unit_testing/designs/f_PL_50_BURST_8/test/Debug/../src/pmbus_iic.c:691: undefined reference to `pow'
makefile:39: recipe for target 'test.elf' failed
collect2: error: ld returned 1 exit status
make: *** [test.elf] Error 1
12:31:04 **** Auto Build of configuration Debug for project test ****
make pre-build main-build 
a9-linaro-pre-build-step
 
Building file: ../src/timer.c
Invoking: ARM v7 gcc compiler
arm-none-eabi-gcc -Wall -O0 -g3 -c -fmessage-length=0 -MT"src/timer.o" -mcpu=cortex-a9 -mfpu=vfpv3 -mfloat-abi=hard -I../../test_bsp/ps7_cortexa9_0/include -MMD -MP -MF"src/timer.d" -MT"src/timer.o" -o "src/timer.o" "../src/timer.c"
In file included from ../src/timer.c:8:0:
../src/timer.h: In function 'setup_timer':
../src/timer.h:16:15: warning: implicit declaration of function 'XTmrCtr_Initialize' [-Wimplicit-function-declaration]
  int status = XTmrCtr_Initialize(&timer, XPAR_AXI_TIMER_0_DEVICE_ID);
               ^~~~~~~~~~~~~~~~~~
../src/timer.h:16:35: error: 'timer' undeclared (first use in this function)
  int status = XTmrCtr_Initialize(&timer, XPAR_AXI_TIMER_0_DEVICE_ID);
                                   ^~~~~
../src/timer.h:16:35: note: each undeclared identifier is reported only once for each function it appears in
../src/timer.h:16:42: error: 'XPAR_AXI_TIMER_0_DEVICE_ID' undeclared (first use in this function)
  int status = XTmrCtr_Initialize(&timer, XPAR_AXI_TIMER_0_DEVICE_ID);
                                          ^~~~~~~~~~~~~~~~~~~~~~~~~~
../src/timer.h:17:15: error: 'XST_SUCCESS' undeclared (first use in this function)
  if(status != XST_SUCCESS)
               ^~~~~~~~~~~
../src/timer.h:19:3: warning: implicit declaration of function 'print' [-Wimplicit-function-declaration]
   print("\rError: timer setup failed\n");
   ^~~~~
../src/timer.h:20:10: error: 'XST_FAILURE' undeclared (first use in this function)
   return XST_FAILURE;
          ^~~~~~~~~~~
../src/timer.h:22:2: warning: implicit declaration of function 'XTmrCtr_SetOptions' [-Wimplicit-function-declaration]
  XTmrCtr_SetOptions(&timer, XPAR_AXI_TIMER_0_DEVICE_ID, XTC_ENABLE_ALL_OPTION);
  ^~~~~~~~~~~~~~~~~~
../src/timer.h:22:57: error: 'XTC_ENABLE_ALL_OPTION' undeclared (first use in this function)
  XTmrCtr_SetOptions(&timer, XPAR_AXI_TIMER_0_DEVICE_ID, XTC_ENABLE_ALL_OPTION);
                                                         ^~~~~~~~~~~~~~~~~~~~~
../src/timer.h:24:2: warning: implicit declaration of function 'XTmrCtr_Reset' [-Wimplicit-function-declaration]
  XTmrCtr_Reset(&timer, XPAR_AXI_TIMER_0_DEVICE_ID);
  ^~~~~~~~~~~~~
../src/timer.h:25:14: warning: implicit declaration of function 'XTmrCtr_GetValue' [-Wimplicit-function-declaration]
  init_time = XTmrCtr_GetValue(&timer, XPAR_AXI_TIMER_0_DEVICE_ID);
              ^~~~~~~~~~~~~~~~
../src/timer.h:27:2: error: 'calibration' undeclared (first use in this function)
  calibration = curr_time - init_time;
  ^~~~~~~~~~~
../src/timer.h:30:17: error: 'timer_dev' undeclared (first use in this function)
  XTmrCtr_Reset(&timer_dev, XPAR_AXI_TIMER_DEVICE_ID);
                 ^~~~~~~~~
../src/timer.h:30:28: error: 'XPAR_AXI_TIMER_DEVICE_ID' undeclared (first use in this function)
  XTmrCtr_Reset(&timer_dev, XPAR_AXI_TIMER_DEVICE_ID);
                            ^~~~~~~~~~~~~~~~~~~~~~~~
../src/timer.h:31:2: error: 'begin_time' undeclared (first use in this function)
  begin_time = XTmrCtr_GetValue(&timer_dev, XPAR_AXI_TIMER_DEVICE_ID);
  ^~~~~~~~~~
../src/timer.h:32:7: error: 'i' undeclared (first use in this function)
  for (i = 0; i< NUM_TESTS; i++);
       ^
../src/timer.h:32:17: error: 'NUM_TESTS' undeclared (first use in this function)
  for (i = 0; i< NUM_TESTS; i++);
                 ^~~~~~~~~
../src/timer.h:33:2: error: 'end_time' undeclared (first use in this function)
  end_time = XTmrCtr_GetValue(&timer_dev, XPAR_AXI_TIMER_DEVICE_ID);
  ^~~~~~~~
../src/timer.h:34:2: error: 'run_time_sw' undeclared (first use in this function)
  run_time_sw = end_time - begin_time - calibration;
  ^~~~~~~~~~~
../src/timer.h:35:2: warning: implicit declaration of function 'xil_printf' [-Wimplicit-function-declaration]
  xil_printf("\rLoop time for %d iterations is %d cycles.\r\n", NUM_TESTS, run_time_sw);
  ^~~~~~~~~~
../src/timer.h: In function 'start_timer':
../src/timer.h:42:17: error: 'timer' undeclared (first use in this function)
  XTmrCtr_Reset(&timer, XPAR_AXI_TIMER_0_DEVICE_ID);
                 ^~~~~
../src/timer.h:42:24: error: 'XPAR_AXI_TIMER_0_DEVICE_ID' undeclared (first use in this function)
  XTmrCtr_Reset(&timer, XPAR_AXI_TIMER_0_DEVICE_ID);
                        ^~~~~~~~~~~~~~~~~~~~~~~~~~
../src/timer.h:43:2: error: 'begin_time' undeclared (first use in this function)
  begin_time = XTmrCtr_GetValue(&timer, XPAR_AXI_TIMER_0_DEVICE_ID);
  ^~~~~~~~~~
../src/timer.h: In function 'stop_timer':
../src/timer.h:47:2: error: 'end_time' undeclared (first use in this function)
  end_time = XTmrCtr_GetValue(&timer, XPAR_AXI_TIMER_0_DEVICE_ID);
  ^~~~~~~~
../src/timer.h:47:31: error: 'timer' undeclared (first use in this function)
  end_time = XTmrCtr_GetValue(&timer, XPAR_AXI_TIMER_0_DEVICE_ID);
                               ^~~~~
../src/timer.h:47:38: error: 'XPAR_AXI_TIMER_0_DEVICE_ID' undeclared (first use in this function)
  end_time = XTmrCtr_GetValue(&timer, XPAR_AXI_TIMER_0_DEVICE_ID);
                                      ^~~~~~~~~~~~~~~~~~~~~~~~~~
../src/timer.h:48:20: error: 'begin_time' undeclared (first use in this function)
  return end_time - begin_time - calibration;
                    ^~~~~~~~~~
../src/timer.h:48:33: error: 'calibration' undeclared (first use in this function)
  return end_time - begin_time - calibration;
                                 ^~~~~~~~~~~
In file included from ../../test_bsp/ps7_cortexa9_0/include/xil_io.h:65:0,
                 from ../../test_bsp/ps7_cortexa9_0/include/xtmrctr_l.h:75,
                 from ../../test_bsp/ps7_cortexa9_0/include/xtmrctr.h:178,
                 from ../src/timer.c:10:
../../test_bsp/ps7_cortexa9_0/include/xil_printf.h: At top level:
../../test_bsp/ps7_cortexa9_0/include/xil_printf.h:35:6: warning: conflicting types for 'xil_printf'
 void xil_printf( const char8 *ctrl1, ...);
      ^~~~~~~~~~
In file included from ../src/timer.c:8:0:
../src/timer.h:35:2: note: previous implicit declaration of 'xil_printf' was here
  xil_printf("\rLoop time for %d iterations is %d cycles.\r\n", NUM_TESTS, run_time_sw);
  ^~~~~~~~~~
In file included from ../../test_bsp/ps7_cortexa9_0/include/xil_io.h:65:0,
                 from ../../test_bsp/ps7_cortexa9_0/include/xtmrctr_l.h:75,
                 from ../../test_bsp/ps7_cortexa9_0/include/xtmrctr.h:178,
[...]
  22328	   1148	  22568	  46044	   b3dc	something.elf
Finished building: something.elf.size
 
14:19:58 **** Auto Build of configuration Debug for project something ****
make pre-build main-build 
a9-linaro-pre-build-step
 
make: Nothing to be done for 'main-build'.
14:20:15 **** Build of project standalone_bsp_1 ****
make -k all 
Running Make include in ps7_cortexa9_0/libsrc/qspips_v3_3/src
make -C ps7_cortexa9_0/libsrc/qspips_v3_3/src -s include  "SHELL=/bin/sh" "COMPILER=arm-none-eabi-gcc" "ARCHIVER=arm-none-eabi-ar" "COMPILER_FLAGS=  -O2 -c" "EXTRA_COMPILER_FLAGS=-mcpu=cortex-a9 -mfpu=vfpv3 -mfloat-abi=hard -nostartfiles -Wall -Wextra"
Running Make include in ps7_cortexa9_0/libsrc/dmaps_v2_3/src
make -C ps7_cortexa9_0/libsrc/dmaps_v2_3/src -s include  "SHELL=/bin/sh" "COMPILER=arm-none-eabi-gcc" "ARCHIVER=arm-none-eabi-ar" "COMPILER_FLAGS=  -O2 -c" "EXTRA_COMPILER_FLAGS=-mcpu=cortex-a9 -mfpu=vfpv3 -mfloat-abi=hard -nostartfiles -Wall -Wextra"
Running Make include in ps7_cortexa9_0/libsrc/ddrps_v1_0/src
make -C ps7_cortexa9_0/libsrc/ddrps_v1_0/src -s include  "SHELL=/bin/sh" "COMPILER=arm-none-eabi-gcc" "ARCHIVER=arm-none-eabi-ar" "COMPILER_FLAGS=  -O2 -c" "EXTRA_COMPILER_FLAGS=-mcpu=cortex-a9 -mfpu=vfpv3 -mfloat-abi=hard -nostartfiles -Wall -Wextra"
Running Make include in ps7_cortexa9_0/libsrc/gpiops_v3_2/src
make -C ps7_cortexa9_0/libsrc/gpiops_v3_2/src -s include  "SHELL=/bin/sh" "COMPILER=arm-none-eabi-gcc" "ARCHIVER=arm-none-eabi-ar" "COMPILER_FLAGS=  -O2 -c" "EXTRA_COMPILER_FLAGS=-mcpu=cortex-a9 -mfpu=vfpv3 -mfloat-abi=hard -nostartfiles -Wall -Wextra"
Running Make include in ps7_cortexa9_0/libsrc/standalone_v6_2/src
make -C ps7_cortexa9_0/libsrc/standalone_v6_2/src -s include  "SHELL=/bin/sh" "COMPILER=arm-none-eabi-gcc" "ARCHIVER=arm-none-eabi-ar" "COMPILER_FLAGS=  -O2 -c" "EXTRA_COMPILER_FLAGS=-mcpu=cortex-a9 -mfpu=vfpv3 -mfloat-abi=hard -nostartfiles -Wall -Wextra"
Running Make include in ps7_cortexa9_0/libsrc/cpu_cortexa9_v2_4/src
make -C ps7_cortexa9_0/libsrc/cpu_cortexa9_v2_4/src -s include  "SHELL=/bin/sh" "COMPILER=arm-none-eabi-gcc" "ARCHIVER=arm-none-eabi-ar" "COMPILER_FLAGS=  -O2 -c" "EXTRA_COMPILER_FLAGS=-mcpu=cortex-a9 -mfpu=vfpv3 -mfloat-abi=hard -nostartfiles -Wall -Wextra"
Running Make include in ps7_cortexa9_0/libsrc/ttcps_v3_3/src
make -C ps7_cortexa9_0/libsrc/ttcps_v3_3/src -s include  "SHELL=/bin/sh" "COMPILER=arm-none-eabi-gcc" "ARCHIVER=arm-none-eabi-ar" "COMPILER_FLAGS=  -O2 -c" "EXTRA_COMPILER_FLAGS=-mcpu=cortex-a9 -mfpu=vfpv3 -mfloat-abi=hard -nostartfiles -Wall -Wextra"
Running Make include in ps7_cortexa9_0/libsrc/mem_hw_v1_0/src
make -C ps7_cortexa9_0/libsrc/mem_hw_v1_0/src -s include  "SHELL=/bin/sh" "COMPILER=arm-none-eabi-gcc" "ARCHIVER=arm-none-eabi-ar" "COMPILER_FLAGS=  -O2 -c" "EXTRA_COMPILER_FLAGS=-mcpu=cortex-a9 -mfpu=vfpv3 -mfloat-abi=hard -nostartfiles -Wall -Wextra"
Running Make include in ps7_cortexa9_0/libsrc/emacps_v3_4/src
make -C ps7_cortexa9_0/libsrc/emacps_v3_4/src -s include  "SHELL=/bin/sh" "COMPILER=arm-none-eabi-gcc" "ARCHIVER=arm-none-eabi-ar" "COMPILER_FLAGS=  -O2 -c" "EXTRA_COMPILER_FLAGS=-mcpu=cortex-a9 -mfpu=vfpv3 -mfloat-abi=hard -nostartfiles -Wall -Wextra"
Running Make include in ps7_cortexa9_0/libsrc/axidma_v9_3/src
make -C ps7_cortexa9_0/libsrc/axidma_v9_3/src -s include  "SHELL=/bin/sh" "COMPILER=arm-none-eabi-gcc" "ARCHIVER=arm-none-eabi-ar" "COMPILER_FLAGS=  -O2 -c" "EXTRA_COMPILER_FLAGS=-mcpu=cortex-a9 -mfpu=vfpv3 -mfloat-abi=hard -nostartfiles -Wall -Wextra"
Running Make include in ps7_cortexa9_0/libsrc/canps_v3_2/src
make -C ps7_cortexa9_0/libsrc/canps_v3_2/src -s include  "SHELL=/bin/sh" "COMPILER=arm-none-eabi-gcc" "ARCHIVER=arm-none-eabi-ar" "COMPILER_FLAGS=  -O2 -c" "EXTRA_COMPILER_FLAGS=-mcpu=cortex-a9 -mfpu=vfpv3 -mfloat-abi=hard -nostartfiles -Wall -Wextra"
Running Make include in ps7_cortexa9_0/libsrc/xadcps_v2_2/src
make -C ps7_cortexa9_0/libsrc/xadcps_v2_2/src -s include  "SHELL=/bin/sh" "COMPILER=arm-none-eabi-gcc" "ARCHIVER=arm-none-eabi-ar" "COMPILER_FLAGS=  -O2 -c" "EXTRA_COMPILER_FLAGS=-mcpu=cortex-a9 -mfpu=vfpv3 -mfloat-abi=hard -nostartfiles -Wall -Wextra"
Running Make include in ps7_cortexa9_0/libsrc/devcfg_v3_4/src
make -C ps7_cortexa9_0/libsrc/devcfg_v3_4/src -s include  "SHELL=/bin/sh" "COMPILER=arm-none-eabi-gcc" "ARCHIVER=arm-none-eabi-ar" "COMPILER_FLAGS=  -O2 -c" "EXTRA_COMPILER_FLAGS=-mcpu=cortex-a9 -mfpu=vfpv3 -mfloat-abi=hard -nostartfiles -Wall -Wextra"
Running Make include in ps7_cortexa9_0/libsrc/sdps_v3_2/src
make -C ps7_cortexa9_0/libsrc/sdps_v3_2/src -s include  "SHELL=/bin/sh" "COMPILER=arm-none-eabi-gcc" "ARCHIVER=arm-none-eabi-ar" "COMPILER_FLAGS=  -O2 -c" "EXTRA_COMPILER_FLAGS=-mcpu=cortex-a9 -mfpu=vfpv3 -mfloat-abi=hard -nostartfiles -Wall -Wextra"
Running Make include in ps7_cortexa9_0/libsrc/iicps_v3_5/src
make -C ps7_cortexa9_0/libsrc/iicps_v3_5/src -s include  "SHELL=/bin/sh" "COMPILER=arm-none-eabi-gcc" "ARCHIVER=arm-none-eabi-ar" "COMPILER_FLAGS=  -O2 -c" "EXTRA_COMPILER_FLAGS=-mcpu=cortex-a9 -mfpu=vfpv3 -mfloat-abi=hard -nostartfiles -Wall -Wextra"
Running Make include in ps7_cortexa9_0/libsrc/scuwdt_v2_1/src
make -C ps7_cortexa9_0/libsrc/scuwdt_v2_1/src -s include  "SHELL=/bin/sh" "COMPILER=arm-none-eabi-gcc" "ARCHIVER=arm-none-eabi-ar" "COMPILER_FLAGS=  -O2 -c" "EXTRA_COMPILER_FLAGS=-mcpu=cortex-a9 -mfpu=vfpv3 -mfloat-abi=hard -nostartfiles -Wall -Wextra"
Running Make include in ps7_cortexa9_0/libsrc/scugic_v3_6/src
make -C ps7_cortexa9_0/libsrc/scugic_v3_6/src -s include  "SHELL=/bin/sh" "COMPILER=arm-none-eabi-gcc" "ARCHIVER=arm-none-eabi-ar" "COMPILER_FLAGS=  -O2 -c" "EXTRA_COMPILER_FLAGS=-mcpu=cortex-a9 -mfpu=vfpv3 -mfloat-abi=hard -nostartfiles -Wall -Wextra"
Running Make include in ps7_cortexa9_0/libsrc/uartps_v3_4/src
make -C ps7_cortexa9_0/libsrc/uartps_v3_4/src -s include  "SHELL=/bin/sh" "COMPILER=arm-none-eabi-gcc" "ARCHIVER=arm-none-eabi-ar" "COMPILER_FLAGS=  -O2 -c" "EXTRA_COMPILER_FLAGS=-mcpu=cortex-a9 -mfpu=vfpv3 -mfloat-abi=hard -nostartfiles -Wall -Wextra"
Running Make include in ps7_cortexa9_0/libsrc/usbps_v2_4/src
make -C ps7_cortexa9_0/libsrc/usbps_v2_4/src -s include  "SHELL=/bin/sh" "COMPILER=arm-none-eabi-gcc" "ARCHIVER=arm-none-eabi-ar" "COMPILER_FLAGS=  -O2 -c" "EXTRA_COMPILER_FLAGS=-mcpu=cortex-a9 -mfpu=vfpv3 -mfloat-abi=hard -nostartfiles -Wall -Wextra"
Running Make include in ps7_cortexa9_0/libsrc/coresightps_dcc_v1_4/src
make -C ps7_cortexa9_0/libsrc/coresightps_dcc_v1_4/src -s include  "SHELL=/bin/sh" "COMPILER=arm-none-eabi-gcc" "ARCHIVER=arm-none-eabi-ar" "COMPILER_FLAGS=  -O2 -c" "EXTRA_COMPILER_FLAGS=-mcpu=cortex-a9 -mfpu=vfpv3 -mfloat-abi=hard -nostartfiles -Wall -Wextra"
Running Make include in ps7_cortexa9_0/libsrc/tmrctr_v4_3/src
make -C ps7_cortexa9_0/libsrc/tmrctr_v4_3/src -s include  "SHELL=/bin/sh" "COMPILER=arm-none-eabi-gcc" "ARCHIVER=arm-none-eabi-ar" "COMPILER_FLAGS=  -O2 -c" "EXTRA_COMPILER_FLAGS=-mcpu=cortex-a9 -mfpu=vfpv3 -mfloat-abi=hard -nostartfiles -Wall -Wextra"
Running Make include in ps7_cortexa9_0/libsrc/scutimer_v2_1/src
make -C ps7_cortexa9_0/libsrc/scutimer_v2_1/src -s include  "SHELL=/bin/sh" "COMPILER=arm-none-eabi-gcc" "ARCHIVER=arm-none-eabi-ar" "COMPILER_FLAGS=  -O2 -c" "EXTRA_COMPILER_FLAGS=-mcpu=cortex-a9 -mfpu=vfpv3 -mfloat-abi=hard -nostartfiles -Wall -Wextra"
Running Make libs in ps7_cortexa9_0/libsrc/qspips_v3_3/src
make -C ps7_cortexa9_0/libsrc/qspips_v3_3/src -s libs  "SHELL=/bin/sh" "COMPILER=arm-none-eabi-gcc" "ARCHIVER=arm-none-eabi-ar" "COMPILER_FLAGS=  -O2 -c" "EXTRA_COMPILER_FLAGS=-mcpu=cortex-a9 -mfpu=vfpv3 -mfloat-abi=hard -nostartfiles -Wall -Wextra"
Compiling qspips
arm-none-eabi-ar: creating ../../../lib/libxil.a
Running Make libs in ps7_cortexa9_0/libsrc/dmaps_v2_3/src
make -C ps7_cortexa9_0/libsrc/dmaps_v2_3/src -s libs  "SHELL=/bin/sh" "COMPILER=arm-none-eabi-gcc" "ARCHIVER=arm-none-eabi-ar" "COMPILER_FLAGS=  -O2 -c" "EXTRA_COMPILER_FLAGS=-mcpu=cortex-a9 -mfpu=vfpv3 -mfloat-abi=hard -nostartfiles -Wall -Wextra"
Compiling dmaps
Running Make libs in ps7_cortexa9_0/libsrc/ddrps_v1_0/src
make -C ps7_cortexa9_0/libsrc/ddrps_v1_0/src -s libs  "SHELL=/bin/sh" "COMPILER=arm-none-eabi-gcc" "ARCHIVER=arm-none-eabi-ar" "COMPILER_FLAGS=  -O2 -c" "EXTRA_COMPILER_FLAGS=-mcpu=cortex-a9 -mfpu=vfpv3 -mfloat-abi=hard -nostartfiles -Wall -Wextra"
Compiling ddrps
Running Make libs in ps7_cortexa9_0/libsrc/gpiops_v3_2/src
make -C ps7_cortexa9_0/libsrc/gpiops_v3_2/src -s libs  "SHELL=/bin/sh" "COMPILER=arm-none-eabi-gcc" "ARCHIVER=arm-none-eabi-ar" "COMPILER_FLAGS=  -O2 -c" "EXTRA_COMPILER_FLAGS=-mcpu=cortex-a9 -mfpu=vfpv3 -mfloat-abi=hard -nostartfiles -Wall -Wextra"
Compiling gpiops
Running Make libs in ps7_cortexa9_0/libsrc/standalone_v6_2/src
make -C ps7_cortexa9_0/libsrc/standalone_v6_2/src -s libs  "SHELL=/bin/sh" "COMPILER=arm-none-eabi-gcc" "ARCHIVER=arm-none-eabi-ar" "COMPILER_FLAGS=  -O2 -c" "EXTRA_COMPILER_FLAGS=-mcpu=cortex-a9 -mfpu=vfpv3 -mfloat-abi=hard -nostartfiles -Wall -Wextra"
Compiling standalone
Running Make libs in ps7_cortexa9_0/libsrc/cpu_cortexa9_v2_4/src
make -C ps7_cortexa9_0/libsrc/cpu_cortexa9_v2_4/src -s libs  "SHELL=/bin/sh" "COMPILER=arm-none-eabi-gcc" "ARCHIVER=arm-none-eabi-ar" "COMPILER_FLAGS=  -O2 -c" "EXTRA_COMPILER_FLAGS=-mcpu=cortex-a9 -mfpu=vfpv3 -mfloat-abi=hard -nostartfiles -Wall -Wextra"
Compiling cpu_cortexa9
Running Make libs in ps7_cortexa9_0/libsrc/ttcps_v3_3/src
make -C ps7_cortexa9_0/libsrc/ttcps_v3_3/src -s libs  "SHELL=/bin/sh" "COMPILER=arm-none-eabi-gcc" "ARCHIVER=arm-none-eabi-ar" "COMPILER_FLAGS=  -O2 -c" "EXTRA_COMPILER_FLAGS=-mcpu=cortex-a9 -mfpu=vfpv3 -mfloat-abi=hard -nostartfiles -Wall -Wextra"
Compiling ttcps
Running Make libs in ps7_cortexa9_0/libsrc/mem_hw_v1_0/src
make -C ps7_cortexa9_0/libsrc/mem_hw_v1_0/src -s libs  "SHELL=/bin/sh" "COMPILER=arm-none-eabi-gcc" "ARCHIVER=arm-none-eabi-ar" "COMPILER_FLAGS=  -O2 -c" "EXTRA_COMPILER_FLAGS=-mcpu=cortex-a9 -mfpu=vfpv3 -mfloat-abi=hard -nostartfiles -Wall -Wextra"
Compiling mem_hw
Running Make libs in ps7_cortexa9_0/libsrc/emacps_v3_4/src
make -C ps7_cortexa9_0/libsrc/emacps_v3_4/src -s libs  "SHELL=/bin/sh" "COMPILER=arm-none-eabi-gcc" "ARCHIVER=arm-none-eabi-ar" "COMPILER_FLAGS=  -O2 -c" "EXTRA_COMPILER_FLAGS=-mcpu=cortex-a9 -mfpu=vfpv3 -mfloat-abi=hard -nostartfiles -Wall -Wextra"
Compiling emacps
Running Make libs in ps7_cortexa9_0/libsrc/axidma_v9_3/src
make -C ps7_cortexa9_0/libsrc/axidma_v9_3/src -s libs  "SHELL=/bin/sh" "COMPILER=arm-none-eabi-gcc" "ARCHIVER=arm-none-eabi-ar" "COMPILER_FLAGS=  -O2 -c" "EXTRA_COMPILER_FLAGS=-mcpu=cortex-a9 -mfpu=vfpv3 -mfloat-abi=hard -nostartfiles -Wall -Wextra"
Compiling axidma
Running Make libs in ps7_cortexa9_0/libsrc/canps_v3_2/src
make -C ps7_cortexa9_0/libsrc/canps_v3_2/src -s libs  "SHELL=/bin/sh" "COMPILER=arm-none-eabi-gcc" "ARCHIVER=arm-none-eabi-ar" "COMPILER_FLAGS=  -O2 -c" "EXTRA_COMPILER_FLAGS=-mcpu=cortex-a9 -mfpu=vfpv3 -mfloat-abi=hard -nostartfiles -Wall -Wextra"
Compiling canps
Running Make libs in ps7_cortexa9_0/libsrc/xadcps_v2_2/src
make -C ps7_cortexa9_0/libsrc/xadcps_v2_2/src -s libs  "SHELL=/bin/sh" "COMPILER=arm-none-eabi-gcc" "ARCHIVER=arm-none-eabi-ar" "COMPILER_FLAGS=  -O2 -c" "EXTRA_COMPILER_FLAGS=-mcpu=cortex-a9 -mfpu=vfpv3 -mfloat-abi=hard -nostartfiles -Wall -Wextra"
Compiling xadcps
Running Make libs in ps7_cortexa9_0/libsrc/devcfg_v3_4/src
make -C ps7_cortexa9_0/libsrc/devcfg_v3_4/src -s libs  "SHELL=/bin/sh" "COMPILER=arm-none-eabi-gcc" "ARCHIVER=arm-none-eabi-ar" "COMPILER_FLAGS=  -O2 -c" "EXTRA_COMPILER_FLAGS=-mcpu=cortex-a9 -mfpu=vfpv3 -mfloat-abi=hard -nostartfiles -Wall -Wextra"
Compiling devcfg
Running Make libs in ps7_cortexa9_0/libsrc/sdps_v3_2/src
make -C ps7_cortexa9_0/libsrc/sdps_v3_2/src -s libs  "SHELL=/bin/sh" "COMPILER=arm-none-eabi-gcc" "ARCHIVER=arm-none-eabi-ar" "COMPILER_FLAGS=  -O2 -c" "EXTRA_COMPILER_FLAGS=-mcpu=cortex-a9 -mfpu=vfpv3 -mfloat-abi=hard -nostartfiles -Wall -Wextra"
Compiling sdps
Running Make libs in ps7_cortexa9_0/libsrc/iicps_v3_5/src
make -C ps7_cortexa9_0/libsrc/iicps_v3_5/src -s libs  "SHELL=/bin/sh" "COMPILER=arm-none-eabi-gcc" "ARCHIVER=arm-none-eabi-ar" "COMPILER_FLAGS=  -O2 -c" "EXTRA_COMPILER_FLAGS=-mcpu=cortex-a9 -mfpu=vfpv3 -mfloat-abi=hard -nostartfiles -Wall -Wextra"
Compiling iicps
Running Make libs in ps7_cortexa9_0/libsrc/scuwdt_v2_1/src
make -C ps7_cortexa9_0/libsrc/scuwdt_v2_1/src -s libs  "SHELL=/bin/sh" "COMPILER=arm-none-eabi-gcc" "ARCHIVER=arm-none-eabi-ar" "COMPILER_FLAGS=  -O2 -c" "EXTRA_COMPILER_FLAGS=-mcpu=cortex-a9 -mfpu=vfpv3 -mfloat-abi=hard -nostartfiles -Wall -Wextra"
Compiling scuwdt
Running Make libs in ps7_cortexa9_0/libsrc/scugic_v3_6/src
make -C ps7_cortexa9_0/libsrc/scugic_v3_6/src -s libs  "SHELL=/bin/sh" "COMPILER=arm-none-eabi-gcc" "ARCHIVER=arm-none-eabi-ar" "COMPILER_FLAGS=  -O2 -c" "EXTRA_COMPILER_FLAGS=-mcpu=cortex-a9 -mfpu=vfpv3 -mfloat-abi=hard -nostartfiles -Wall -Wextra"
Compiling scugic
xscugic_g.c:53:2: warning: missing initializer for field 'HandlerTable' of 'XScuGic_Config {aka struct <anonymous>}' [-Wmissing-field-initializers]
  }
  ^
In file included from xscugic_g.c:41:0:
xscugic.h:217:27: note: 'HandlerTable' declared here
  XScuGic_VectorTableEntry HandlerTable[XSCUGIC_MAX_NUM_INTR_INPUTS];/**<
                           ^~~~~~~~~~~~
Running Make libs in ps7_cortexa9_0/libsrc/uartps_v3_4/src
make -C ps7_cortexa9_0/libsrc/uartps_v3_4/src -s libs  "SHELL=/bin/sh" "COMPILER=arm-none-eabi-gcc" "ARCHIVER=arm-none-eabi-ar" "COMPILER_FLAGS=  -O2 -c" "EXTRA_COMPILER_FLAGS=-mcpu=cortex-a9 -mfpu=vfpv3 -mfloat-abi=hard -nostartfiles -Wall -Wextra"
Compiling uartps
Running Make libs in ps7_cortexa9_0/libsrc/usbps_v2_4/src
make -C ps7_cortexa9_0/libsrc/usbps_v2_4/src -s libs  "SHELL=/bin/sh" "COMPILER=arm-none-eabi-gcc" "ARCHIVER=arm-none-eabi-ar" "COMPILER_FLAGS=  -O2 -c" "EXTRA_COMPILER_FLAGS=-mcpu=cortex-a9 -mfpu=vfpv3 -mfloat-abi=hard -nostartfiles -Wall -Wextra"
Compiling usbps
Running Make libs in ps7_cortexa9_0/libsrc/coresightps_dcc_v1_4/src
make -C ps7_cortexa9_0/libsrc/coresightps_dcc_v1_4/src -s libs  "SHELL=/bin/sh" "COMPILER=arm-none-eabi-gcc" "ARCHIVER=arm-none-eabi-ar" "COMPILER_FLAGS=  -O2 -c" "EXTRA_COMPILER_FLAGS=-mcpu=cortex-a9 -mfpu=vfpv3 -mfloat-abi=hard -nostartfiles -Wall -Wextra"
Compiling coresightps_dcc
Running Make libs in ps7_cortexa9_0/libsrc/tmrctr_v4_3/src
make -C ps7_cortexa9_0/libsrc/tmrctr_v4_3/src -s libs  "SHELL=/bin/sh" "COMPILER=arm-none-eabi-gcc" "ARCHIVER=arm-none-eabi-ar" "COMPILER_FLAGS=  -O2 -c" "EXTRA_COMPILER_FLAGS=-mcpu=cortex-a9 -mfpu=vfpv3 -mfloat-abi=hard -nostartfiles -Wall -Wextra"
Compiling tmrctr
Running Make libs in ps7_cortexa9_0/libsrc/scutimer_v2_1/src
make -C ps7_cortexa9_0/libsrc/scutimer_v2_1/src -s libs  "SHELL=/bin/sh" "COMPILER=arm-none-eabi-gcc" "ARCHIVER=arm-none-eabi-ar" "COMPILER_FLAGS=  -O2 -c" "EXTRA_COMPILER_FLAGS=-mcpu=cortex-a9 -mfpu=vfpv3 -mfloat-abi=hard -nostartfiles -Wall -Wextra"
Compiling scutimer
Finished building libraries
14:20:26 **** Clean-only build of configuration Debug for project something ****
make clean 
rm -rf  ./src/helloworld.o ./src/platform.o  ./src/helloworld.d ./src/platform.d  something.elf.size  something.elf
 
14:20:26 **** Auto Build of configuration Debug for project something ****
make pre-build main-build 
a9-linaro-pre-build-step
 
Building file: ../src/helloworld.c
Invoking: ARM v7 gcc compiler
arm-none-eabi-gcc -Wall -O0 -g3 -c -fmessage-length=0 -MT"src/helloworld.o" -mcpu=cortex-a9 -mfpu=vfpv3 -mfloat-abi=hard -I../../standalone_bsp_1/ps7_cortexa9_0/include -MMD -MP -MF"src/helloworld.d" -MT"src/helloworld.o" -o "src/helloworld.o" "../src/helloworld.c"
Finished building: ../src/helloworld.c
 
Building file: ../src/platform.c
Invoking: ARM v7 gcc compiler
arm-none-eabi-gcc -Wall -O0 -g3 -c -fmessage-length=0 -MT"src/platform.o" -mcpu=cortex-a9 -mfpu=vfpv3 -mfloat-abi=hard -I../../standalone_bsp_1/ps7_cortexa9_0/include -MMD -MP -MF"src/platform.d" -MT"src/platform.o" -o "src/platform.o" "../src/platform.c"
Finished building: ../src/platform.c
 
Building target: something.elf
Invoking: ARM v7 gcc linker
arm-none-eabi-gcc -mcpu=cortex-a9 -mfpu=vfpv3 -mfloat-abi=hard -Wl,-build-id=none -specs=Xilinx.spec -Wl,-T -Wl,../src/lscript.ld -L../../standalone_bsp_1/ps7_cortexa9_0/lib -o "something.elf"  ./src/helloworld.o ./src/platform.o   -Wl,--start-group,-lxil,-lgcc,-lc,--end-group
Finished building target: something.elf
 
Invoking: ARM v7 Print Size
arm-none-eabi-size something.elf  |tee "something.elf.size"
   text	   data	    bss	    dec	    hex	filename
  22328	   1148	  22568	  46044	   b3dc	something.elf
Finished building: something.elf.size
 
14:20:44 **** Clean-only build of configuration Debug for project something ****
make clean 
rm -rf  ./src/helloworld.o ./src/platform.o  ./src/helloworld.d ./src/platform.d  something.elf.size  something.elf
 
14:20:44 **** Auto Build of configuration Debug for project something ****
make pre-build main-build 
a9-linaro-pre-build-step
 
Building file: ../src/helloworld.c
Invoking: ARM v7 gcc compiler
arm-none-eabi-gcc -Wall -O0 -g3 -c -fmessage-length=0 -MT"src/helloworld.o" -mcpu=cortex-a9 -mfpu=vfpv3 -mfloat-abi=hard -I../../standalone_bsp_0/ps7_cortexa9_0/include -MMD -MP -MF"src/helloworld.d" -MT"src/helloworld.o" -o "src/helloworld.o" "../src/helloworld.c"
Finished building: ../src/helloworld.c
 
Building file: ../src/platform.c
Invoking: ARM v7 gcc compiler
arm-none-eabi-gcc -Wall -O0 -g3 -c -fmessage-length=0 -MT"src/platform.o" -mcpu=cortex-a9 -mfpu=vfpv3 -mfloat-abi=hard -I../../standalone_bsp_0/ps7_cortexa9_0/include -MMD -MP -MF"src/platform.d" -MT"src/platform.o" -o "src/platform.o" "../src/platform.c"
Finished building: ../src/platform.c
 
Building target: something.elf
Invoking: ARM v7 gcc linker
arm-none-eabi-gcc -mcpu=cortex-a9 -mfpu=vfpv3 -mfloat-abi=hard -Wl,-build-id=none -specs=Xilinx.spec -Wl,-T -Wl,../src/lscript.ld -L../../standalone_bsp_0/ps7_cortexa9_0/lib -o "something.elf"  ./src/helloworld.o ./src/platform.o   -Wl,--start-group,-lxil,-lgcc,-lc,--end-group
Finished building target: something.elf
 
Invoking: ARM v7 Print Size
arm-none-eabi-size something.elf  |tee "something.elf.size"
   text	   data	    bss	    dec	    hex	filename
  22328	   1148	  22568	  46044	   b3dc	something.elf
Finished building: something.elf.size
 
14:20:50 **** Clean-only build of configuration Debug for project something ****
make clean 
rm -rf  ./src/helloworld.o ./src/platform.o  ./src/helloworld.d ./src/platform.d  something.elf.size  something.elf
 
14:20:50 **** Auto Build of configuration Debug for project something ****
make pre-build main-build 
a9-linaro-pre-build-step
 
Building file: ../src/helloworld.c
Invoking: ARM v7 gcc compiler
arm-none-eabi-gcc -Wall -O0 -g3 -c -fmessage-length=0 -MT"src/helloworld.o" -mcpu=cortex-a9 -mfpu=vfpv3 -mfloat-abi=hard -I../../standalone_bsp_1/ps7_cortexa9_0/include -MMD -MP -MF"src/helloworld.d" -MT"src/helloworld.o" -o "src/helloworld.o" "../src/helloworld.c"
Finished building: ../src/helloworld.c
 
Building file: ../src/platform.c
Invoking: ARM v7 gcc compiler
arm-none-eabi-gcc -Wall -O0 -g3 -c -fmessage-length=0 -MT"src/platform.o" -mcpu=cortex-a9 -mfpu=vfpv3 -mfloat-abi=hard -I../../standalone_bsp_1/ps7_cortexa9_0/include -MMD -MP -MF"src/platform.d" -MT"src/platform.o" -o "src/platform.o" "../src/platform.c"
Finished building: ../src/platform.c
 
Building target: something.elf
Invoking: ARM v7 gcc linker
arm-none-eabi-gcc -mcpu=cortex-a9 -mfpu=vfpv3 -mfloat-abi=hard -Wl,-build-id=none -specs=Xilinx.spec -Wl,-T -Wl,../src/lscript.ld -L../../standalone_bsp_1/ps7_cortexa9_0/lib -o "something.elf"  ./src/helloworld.o ./src/platform.o   -Wl,--start-group,-lxil,-lgcc,-lc,--end-group
Finished building target: something.elf
 
Invoking: ARM v7 Print Size
arm-none-eabi-size something.elf  |tee "something.elf.size"
   text	   data	    bss	    dec	    hex	filename
  22328	   1148	  22568	  46044	   b3dc	something.elf
Finished building: something.elf.size
 
